Component: Arm Compiler for Embedded 6.19 Tool: armlink [5e73cb00]

==============================================================================

Section Cross References

    startup_stm32g431xx.o(RESET) refers to startup_stm32g431xx.o(STACK) for __initial_sp
    startup_stm32g431xx.o(RESET) refers to startup_stm32g431xx.o(.text) for Reset_Handler
    startup_stm32g431xx.o(RESET) refers to stm32g4xx_it.o(.text.NMI_Handler) for NMI_Handler
    startup_stm32g431xx.o(RESET) refers to stm32g4xx_it.o(.text.HardFault_Handler) for HardFault_Handler
    startup_stm32g431xx.o(RESET) refers to stm32g4xx_it.o(.text.MemManage_Handler) for MemManage_Handler
    startup_stm32g431xx.o(RESET) refers to stm32g4xx_it.o(.text.BusFault_Handler) for BusFault_Handler
    startup_stm32g431xx.o(RESET) refers to stm32g4xx_it.o(.text.UsageFault_Handler) for UsageFault_Handler
    startup_stm32g431xx.o(RESET) refers to stm32g4xx_it.o(.text.SVC_Handler) for SVC_Handler
    startup_stm32g431xx.o(RESET) refers to stm32g4xx_it.o(.text.DebugMon_Handler) for DebugMon_Handler
    startup_stm32g431xx.o(RESET) refers to stm32g4xx_it.o(.text.PendSV_Handler) for PendSV_Handler
    startup_stm32g431xx.o(RESET) refers to stm32g4xx_it.o(.text.SysTick_Handler) for SysTick_Handler
    startup_stm32g431xx.o(.text) refers to system_stm32g4xx.o(.text.SystemInit) for SystemInit
    startup_stm32g431xx.o(.text) refers to entry.o(.ARM.Collect$$$$00000000) for __main
    main.o(.text.main) refers to stm32g4xx_hal.o(.text.HAL_Init) for HAL_Init
    main.o(.text.main) refers to main.o(.text.SystemClock_Config) for SystemClock_Config
    main.o(.text.main) refers to gpio.o(.text.MX_GPIO_Init) for MX_GPIO_Init
    main.o(.text.main) refers to adc.o(.text.MX_ADC1_Init) for MX_ADC1_Init
    main.o(.text.main) refers to lcd.o(.text.LCD_Init) for LCD_Init
    main.o(.text.main) refers to lcd.o(.text.LCD_Clear) for LCD_Clear
    main.o(.text.main) refers to lcd.o(.text.LCD_SetTextColor) for LCD_SetTextColor
    main.o(.text.main) refers to lcd.o(.text.LCD_SetBackColor) for LCD_SetBackColor
    main.o(.text.main) refers to i2c_hal.o(.text.I2CInit) for I2CInit
    main.o(.text.main) refers to adc.o(.bss.hadc1) for hadc1
    main.o(.text.main) refers to stm32g4xx_hal_adc_ex.o(.text.HAL_ADCEx_Calibration_Start) for HAL_ADCEx_Calibration_Start
    main.o(.text.main) refers to fun.o(.text.loop) for loop
    main.o(.ARM.exidx.text.main) refers to main.o(.text.main) for [Anonymous Symbol]
    main.o(.text.SystemClock_Config) refers to memseta.o(.text) for __aeabi_memclr4
    main.o(.text.SystemClock_Config) refers to stm32g4xx_hal_pwr_ex.o(.text.HAL_PWREx_ControlVoltageScaling) for HAL_PWREx_ControlVoltageScaling
    main.o(.text.SystemClock_Config) refers to stm32g4xx_hal_rcc.o(.text.HAL_RCC_OscConfig) for HAL_RCC_OscConfig
    main.o(.text.SystemClock_Config) refers to main.o(.text.Error_Handler) for Error_Handler
    main.o(.text.SystemClock_Config) refers to stm32g4xx_hal_rcc.o(.text.HAL_RCC_ClockConfig) for HAL_RCC_ClockConfig
    main.o(.ARM.exidx.text.SystemClock_Config) refers to main.o(.text.SystemClock_Config) for [Anonymous Symbol]
    main.o(.ARM.exidx.text.Error_Handler) refers to main.o(.text.Error_Handler) for [Anonymous Symbol]
    gpio.o(.text.MX_GPIO_Init) refers to stm32g4xx_hal_gpio.o(.text.HAL_GPIO_WritePin) for HAL_GPIO_WritePin
    gpio.o(.text.MX_GPIO_Init) refers to stm32g4xx_hal_gpio.o(.text.HAL_GPIO_Init) for HAL_GPIO_Init
    gpio.o(.ARM.exidx.text.MX_GPIO_Init) refers to gpio.o(.text.MX_GPIO_Init) for [Anonymous Symbol]
    adc.o(.text.MX_ADC1_Init) refers to adc.o(.bss.hadc1) for hadc1
    adc.o(.text.MX_ADC1_Init) refers to stm32g4xx_hal_adc.o(.text.HAL_ADC_Init) for HAL_ADC_Init
    adc.o(.text.MX_ADC1_Init) refers to main.o(.text.Error_Handler) for Error_Handler
    adc.o(.text.MX_ADC1_Init) refers to stm32g4xx_hal_adc_ex.o(.text.HAL_ADCEx_MultiModeConfigChannel) for HAL_ADCEx_MultiModeConfigChannel
    adc.o(.text.MX_ADC1_Init) refers to stm32g4xx_hal_adc.o(.text.HAL_ADC_ConfigChannel) for HAL_ADC_ConfigChannel
    adc.o(.ARM.exidx.text.MX_ADC1_Init) refers to adc.o(.text.MX_ADC1_Init) for [Anonymous Symbol]
    adc.o(.text.HAL_ADC_MspInit) refers to memseta.o(.text) for __aeabi_memclr4
    adc.o(.text.HAL_ADC_MspInit) refers to stm32g4xx_hal_rcc_ex.o(.text.HAL_RCCEx_PeriphCLKConfig) for HAL_RCCEx_PeriphCLKConfig
    adc.o(.text.HAL_ADC_MspInit) refers to main.o(.text.Error_Handler) for Error_Handler
    adc.o(.text.HAL_ADC_MspInit) refers to stm32g4xx_hal_gpio.o(.text.HAL_GPIO_Init) for HAL_GPIO_Init
    adc.o(.ARM.exidx.text.HAL_ADC_MspInit) refers to adc.o(.text.HAL_ADC_MspInit) for [Anonymous Symbol]
    adc.o(.text.HAL_ADC_MspDeInit) refers to stm32g4xx_hal_gpio.o(.text.HAL_GPIO_DeInit) for HAL_GPIO_DeInit
    adc.o(.ARM.exidx.text.HAL_ADC_MspDeInit) refers to adc.o(.text.HAL_ADC_MspDeInit) for [Anonymous Symbol]
    stm32g4xx_it.o(.ARM.exidx.text.NMI_Handler) refers to stm32g4xx_it.o(.text.NMI_Handler) for [Anonymous Symbol]
[...]
    Removing stm32g4xx_hal_pwr_ex.o(.text.HAL_PWREx_EnablePVM3), (18 bytes).
    Removing stm32g4xx_hal_pwr_ex.o(.ARM.exidx.text.HAL_PWREx_EnablePVM3), (8 bytes).
    Removing stm32g4xx_hal_pwr_ex.o(.text.HAL_PWREx_DisablePVM3), (18 bytes).
    Removing stm32g4xx_hal_pwr_ex.o(.ARM.exidx.text.HAL_PWREx_DisablePVM3), (8 bytes).
    Removing stm32g4xx_hal_pwr_ex.o(.text.HAL_PWREx_EnablePVM4), (18 bytes).
    Removing stm32g4xx_hal_pwr_ex.o(.ARM.exidx.text.HAL_PWREx_EnablePVM4), (8 bytes).
    Removing stm32g4xx_hal_pwr_ex.o(.text.HAL_PWREx_DisablePVM4), (18 bytes).
    Removing stm32g4xx_hal_pwr_ex.o(.ARM.exidx.text.HAL_PWREx_DisablePVM4), (8 bytes).
    Removing stm32g4xx_hal_pwr_ex.o(.text.HAL_PWREx_ConfigPVM), (794 bytes).
    Removing stm32g4xx_hal_pwr_ex.o(.ARM.exidx.text.HAL_PWREx_ConfigPVM), (8 bytes).
    Removing stm32g4xx_hal_pwr_ex.o(.text.HAL_PWREx_EnableLowPowerRunMode), (18 bytes).
    Removing stm32g4xx_hal_pwr_ex.o(.ARM.exidx.text.HAL_PWREx_EnableLowPowerRunMode), (8 bytes).
    Removing stm32g4xx_hal_pwr_ex.o(.text.HAL_PWREx_DisableLowPowerRunMode), (142 bytes).
    Removing stm32g4xx_hal_pwr_ex.o(.ARM.exidx.text.HAL_PWREx_DisableLowPowerRunMode), (8 bytes).
    Removing stm32g4xx_hal_pwr_ex.o(.text.HAL_PWREx_EnterSTOP0Mode), (80 bytes).
    Removing stm32g4xx_hal_pwr_ex.o(.ARM.exidx.text.HAL_PWREx_EnterSTOP0Mode), (8 bytes).
    Removing stm32g4xx_hal_pwr_ex.o(.text.HAL_PWREx_EnterSTOP1Mode), (82 bytes).
    Removing stm32g4xx_hal_pwr_ex.o(.ARM.exidx.text.HAL_PWREx_EnterSTOP1Mode), (8 bytes).
    Removing stm32g4xx_hal_pwr_ex.o(.text.HAL_PWREx_EnterSHUTDOWNMode), (38 bytes).
    Removing stm32g4xx_hal_pwr_ex.o(.ARM.exidx.text.HAL_PWREx_EnterSHUTDOWNMode), (8 bytes).
    Removing stm32g4xx_hal_pwr_ex.o(.text.HAL_PWREx_PVD_PVM_IRQHandler), (186 bytes).
    Removing stm32g4xx_hal_pwr_ex.o(.ARM.exidx.text.HAL_PWREx_PVD_PVM_IRQHandler), (8 bytes).
    Removing stm32g4xx_hal_pwr_ex.o(.text.HAL_PWREx_PVM1Callback), (2 bytes).
    Removing stm32g4xx_hal_pwr_ex.o(.ARM.exidx.text.HAL_PWREx_PVM1Callback), (8 bytes).
    Removing stm32g4xx_hal_pwr_ex.o(.text.HAL_PWREx_PVM2Callback), (2 bytes).
    Removing stm32g4xx_hal_pwr_ex.o(.ARM.exidx.text.HAL_PWREx_PVM2Callback), (8 bytes).
    Removing stm32g4xx_hal_pwr_ex.o(.text.HAL_PWREx_PVM3Callback), (2 bytes).
    Removing stm32g4xx_hal_pwr_ex.o(.ARM.exidx.text.HAL_PWREx_PVM3Callback), (8 bytes).
    Removing stm32g4xx_hal_pwr_ex.o(.text.HAL_PWREx_PVM4Callback), (2 bytes).
    Removing stm32g4xx_hal_pwr_ex.o(.ARM.exidx.text.HAL_PWREx_PVM4Callback), (8 bytes).
    Removing stm32g4xx_hal_pwr_ex.o(.text.HAL_PWREx_EnableUCPDStandbyMode), (18 bytes).
    Removing stm32g4xx_hal_pwr_ex.o(.ARM.exidx.text.HAL_PWREx_EnableUCPDStandbyMode), (8 bytes).
    Removing stm32g4xx_hal_pwr_ex.o(.text.HAL_PWREx_DisableUCPDStandbyMode), (18 bytes).
    Removing stm32g4xx_hal_pwr_ex.o(.ARM.exidx.text.HAL_PWREx_DisableUCPDStandbyMode), (8 bytes).
    Removing stm32g4xx_hal_pwr_ex.o(.text.HAL_PWREx_EnableUCPDDeadBattery), (18 bytes).
    Removing stm32g4xx_hal_pwr_ex.o(.ARM.exidx.text.HAL_PWREx_EnableUCPDDeadBattery), (8 bytes).
    Removing stm32g4xx_hal_pwr_ex.o(.ARM.exidx.text.HAL_PWREx_DisableUCPDDeadBattery), (8 bytes).
    Removing stm32g4xx_hal_cortex.o(.text), (0 bytes).
    Removing stm32g4xx_hal_cortex.o(.ARM.exidx.text.HAL_NVIC_SetPriorityGrouping), (8 bytes).
    Removing stm32g4xx_hal_cortex.o(.ARM.exidx.text.__NVIC_SetPriorityGrouping), (8 bytes).
    Removing stm32g4xx_hal_cortex.o(.ARM.exidx.text.HAL_NVIC_SetPriority), (8 bytes).
    Removing stm32g4xx_hal_cortex.o(.ARM.exidx.text.__NVIC_GetPriorityGrouping), (8 bytes).
    Removing stm32g4xx_hal_cortex.o(.ARM.exidx.text.__NVIC_SetPriority), (8 bytes).
    Removing stm32g4xx_hal_cortex.o(.ARM.exidx.text.NVIC_EncodePriority), (8 bytes).
    Removing stm32g4xx_hal_cortex.o(.text.HAL_NVIC_EnableIRQ), (20 bytes).
    Removing stm32g4xx_hal_cortex.o(.ARM.exidx.text.HAL_NVIC_EnableIRQ), (8 bytes).
    Removing stm32g4xx_hal_cortex.o(.text.__NVIC_EnableIRQ), (48 bytes).
    Removing stm32g4xx_hal_cortex.o(.ARM.exidx.text.__NVIC_EnableIRQ), (8 bytes).
    Removing stm32g4xx_hal_cortex.o(.text.HAL_NVIC_DisableIRQ), (20 bytes).
    Removing stm32g4xx_hal_cortex.o(.ARM.exidx.text.HAL_NVIC_DisableIRQ), (8 bytes).
    Removing stm32g4xx_hal_cortex.o(.text.__NVIC_DisableIRQ), (56 bytes).
    Removing stm32g4xx_hal_cortex.o(.ARM.exidx.text.__NVIC_DisableIRQ), (8 bytes).
    Removing stm32g4xx_hal_cortex.o(.text.HAL_NVIC_SystemReset), (4 bytes).
    Removing stm32g4xx_hal_cortex.o(.ARM.exidx.text.HAL_NVIC_SystemReset), (8 bytes).
    Removing stm32g4xx_hal_cortex.o(.text.__NVIC_SystemReset), (38 bytes).
    Removing stm32g4xx_hal_cortex.o(.ARM.exidx.text.__NVIC_SystemReset), (8 bytes).
    Removing stm32g4xx_hal_cortex.o(.ARM.exidx.text.HAL_SYSTICK_Config), (8 bytes).
    Removing stm32g4xx_hal_cortex.o(.ARM.exidx.text.SysTick_Config), (8 bytes).
    Removing stm32g4xx_hal_cortex.o(.text.HAL_NVIC_GetPriorityGrouping), (8 bytes).
    Removing stm32g4xx_hal_cortex.o(.ARM.exidx.text.HAL_NVIC_GetPriorityGrouping), (8 bytes).
    Removing stm32g4xx_hal_cortex.o(.text.HAL_NVIC_GetPriority), (36 bytes).
    Removing stm32g4xx_hal_cortex.o(.ARM.exidx.text.HAL_NVIC_GetPriority), (8 bytes).
    Removing stm32g4xx_hal_cortex.o(.text.NVIC_DecodePriority), (118 bytes).
    Removing stm32g4xx_hal_cortex.o(.ARM.exidx.text.NVIC_DecodePriority), (8 bytes).
    Removing stm32g4xx_hal_cortex.o(.text.__NVIC_GetPriority), (66 bytes).
    Removing stm32g4xx_hal_cortex.o(.ARM.exidx.text.__NVIC_GetPriority), (8 bytes).
    Removing stm32g4xx_hal_cortex.o(.text.HAL_NVIC_SetPendingIRQ), (20 bytes).
    Removing stm32g4xx_hal_cortex.o(.ARM.exidx.text.HAL_NVIC_SetPendingIRQ), (8 bytes).
    Removing stm32g4xx_hal_cortex.o(.text.__NVIC_SetPendingIRQ), (48 bytes).
    Removing stm32g4xx_hal_cortex.o(.ARM.exidx.text.__NVIC_SetPendingIRQ), (8 bytes).
    Removing stm32g4xx_hal_cortex.o(.text.HAL_NVIC_GetPendingIRQ), (20 bytes).
    Removing stm32g4xx_hal_cortex.o(.ARM.exidx.text.HAL_NVIC_GetPendingIRQ), (8 bytes).
    Removing stm32g4xx_hal_cortex.o(.text.__NVIC_GetPendingIRQ), (64 bytes).
    Removing stm32g4xx_hal_cortex.o(.ARM.exidx.text.__NVIC_GetPendingIRQ), (8 bytes).
    Removing stm32g4xx_hal_cortex.o(.text.HAL_NVIC_ClearPendingIRQ), (20 bytes).
    Removing stm32g4xx_hal_cortex.o(.ARM.exidx.text.HAL_NVIC_ClearPendingIRQ), (8 bytes).
    Removing stm32g4xx_hal_cortex.o(.text.__NVIC_ClearPendingIRQ), (48 bytes).
    Removing stm32g4xx_hal_cortex.o(.ARM.exidx.text.__NVIC_ClearPendingIRQ), (8 bytes).
    Removing stm32g4xx_hal_cortex.o(.text.HAL_NVIC_GetActive), (20 bytes).
    Removing stm32g4xx_hal_cortex.o(.ARM.exidx.text.HAL_NVIC_GetActive), (8 bytes).
    Removing stm32g4xx_hal_cortex.o(.text.__NVIC_GetActive), (64 bytes).
    Removing stm32g4xx_hal_cortex.o(.ARM.exidx.text.__NVIC_GetActive), (8 bytes).
    Removing stm32g4xx_hal_cortex.o(.text.HAL_SYSTICK_CLKSourceConfig), (52 bytes).
    Removing stm32g4xx_hal_cortex.o(.ARM.exidx.text.HAL_SYSTICK_CLKSourceConfig), (8 bytes).
    Removing stm32g4xx_hal_cortex.o(.text.HAL_SYSTICK_IRQHandler), (8 bytes).
    Removing stm32g4xx_hal_cortex.o(.ARM.exidx.text.HAL_SYSTICK_IRQHandler), (8 bytes).
    Removing stm32g4xx_hal_cortex.o(.text.HAL_SYSTICK_Callback), (2 bytes).
    Removing stm32g4xx_hal_cortex.o(.ARM.exidx.text.HAL_SYSTICK_Callback), (8 bytes).
    Removing stm32g4xx_hal_cortex.o(.text.HAL_MPU_Enable), (32 bytes).
    Removing stm32g4xx_hal_cortex.o(.ARM.exidx.text.HAL_MPU_Enable), (8 bytes).
    Removing stm32g4xx_hal_cortex.o(.text.HAL_MPU_Disable), (18 bytes).
    Removing stm32g4xx_hal_cortex.o(.ARM.exidx.text.HAL_MPU_Disable), (8 bytes).
    Removing stm32g4xx_hal_cortex.o(.text.HAL_MPU_EnableRegion), (36 bytes).
    Removing stm32g4xx_hal_cortex.o(.ARM.exidx.text.HAL_MPU_EnableRegion), (8 bytes).
    Removing stm32g4xx_hal_cortex.o(.text.HAL_MPU_DisableRegion), (36 bytes).
    Removing stm32g4xx_hal_cortex.o(.ARM.exidx.text.HAL_MPU_DisableRegion), (8 bytes).
    Removing stm32g4xx_hal_cortex.o(.text.HAL_MPU_ConfigRegion), (128 bytes).
    Removing stm32g4xx_hal_cortex.o(.ARM.exidx.text.HAL_MPU_ConfigRegion), (8 bytes).
    Removing system_stm32g4xx.o(.text), (0 bytes).
    Removing system_stm32g4xx.o(.ARM.exidx.text.SystemInit), (8 bytes).
    Removing system_stm32g4xx.o(.text.SystemCoreClockUpdate), (256 bytes).
    Removing system_stm32g4xx.o(.ARM.exidx.text.SystemCoreClockUpdate), (8 bytes).
    Removing system_stm32g4xx.o(.rodata.APBPrescTable), (8 bytes).
    Removing fun.o(.text), (0 bytes).
    Removing fun.o(.ARM.exidx.text.led_show), (8 bytes).
    Removing fun.o(.ARM.exidx.text.lcd_show), (8 bytes).
    Removing fun.o(.ARM.exidx.text.key_scan), (8 bytes).
    Removing fun.o(.ARM.exidx.text.adc_read), (8 bytes).
    Removing fun.o(.ARM.exidx.text.loop), (8 bytes).
    Removing lcd.o(.text), (0 bytes).
    Removing lcd.o(.ARM.exidx.text.Delay_LCD), (8 bytes).
    Removing lcd.o(.ARM.exidx.text.REG_8230_Init), (8 bytes).
    Removing lcd.o(.ARM.exidx.text.LCD_WriteReg), (8 bytes).
    Removing lcd.o(.ARM.exidx.text.REG_932X_Init), (8 bytes).
    Removing lcd.o(.ARM.exidx.text.LCD_Init), (8 bytes).
    Removing lcd.o(.ARM.exidx.text.LCD_CtrlLinesConfig), (8 bytes).
    Removing lcd.o(.ARM.exidx.text.LCD_ReadReg), (8 bytes).
    Removing lcd.o(.ARM.exidx.text.LCD_SetTextColor), (8 bytes).
    Removing lcd.o(.ARM.exidx.text.LCD_SetBackColor), (8 bytes).
    Removing lcd.o(.text.LCD_ClearLine), (28 bytes).
    Removing lcd.o(.ARM.exidx.text.LCD_ClearLine), (8 bytes).
    Removing lcd.o(.ARM.exidx.text.LCD_DisplayStringLine), (8 bytes).
    Removing lcd.o(.ARM.exidx.text.LCD_Clear), (8 bytes).
    Removing lcd.o(.ARM.exidx.text.LCD_SetCursor), (8 bytes).
    Removing lcd.o(.ARM.exidx.text.LCD_WriteRAM_Prepare), (8 bytes).
    Removing lcd.o(.ARM.exidx.text.LCD_WriteRAM), (8 bytes).
    Removing lcd.o(.ARM.exidx.text.LCD_DrawChar), (8 bytes).
    Removing lcd.o(.ARM.exidx.text.LCD_DisplayChar), (8 bytes).
    Removing lcd.o(.text.LCD_SetDisplayWindow), (148 bytes).
    Removing lcd.o(.ARM.exidx.text.LCD_SetDisplayWindow), (8 bytes).
    Removing lcd.o(.text.LCD_WindowModeDisable), (30 bytes).
    Removing lcd.o(.ARM.exidx.text.LCD_WindowModeDisable), (8 bytes).
    Removing lcd.o(.text.LCD_DrawLine), (166 bytes).
    Removing lcd.o(.ARM.exidx.text.LCD_DrawLine), (8 bytes).
    Removing lcd.o(.text.LCD_DrawRect), (118 bytes).
    Removing lcd.o(.ARM.exidx.text.LCD_DrawRect), (8 bytes).
    Removing lcd.o(.text.LCD_DrawCircle), (408 bytes).
    Removing lcd.o(.ARM.exidx.text.LCD_DrawCircle), (8 bytes).
    Removing lcd.o(.text.LCD_DrawMonoPict), (130 bytes).
    Removing lcd.o(.ARM.exidx.text.LCD_DrawMonoPict), (8 bytes).
    Removing lcd.o(.text.LCD_WriteBMP), (136 bytes).
    Removing lcd.o(.ARM.exidx.text.LCD_WriteBMP), (8 bytes).
    Removing lcd.o(.ARM.exidx.text.LCD_BusIn), (8 bytes).
    Removing lcd.o(.ARM.exidx.text.LCD_BusOut), (8 bytes).
    Removing lcd.o(.text.LCD_ReadRAM), (162 bytes).
    Removing lcd.o(.ARM.exidx.text.LCD_ReadRAM), (8 bytes).
    Removing lcd.o(.text.LCD_PowerOn), (134 bytes).
    Removing lcd.o(.ARM.exidx.text.LCD_PowerOn), (8 bytes).
    Removing lcd.o(.text.LCD_DisplayOn), (14 bytes).
    Removing lcd.o(.ARM.exidx.text.LCD_DisplayOn), (8 bytes).
    Removing lcd.o(.text.LCD_DisplayOff), (12 bytes).
    Removing lcd.o(.ARM.exidx.text.LCD_DisplayOff), (8 bytes).
    Removing lcd.o(.text.LCD_DrawPicture), (72 bytes).
    Removing lcd.o(.ARM.exidx.text.LCD_DrawPicture), (8 bytes).
    Removing lcd.o(.rodata.str1.1), (21 bytes).
    Removing i2c_hal.o(.text), (0 bytes).
    Removing i2c_hal.o(.ARM.exidx.text.SDA_Input_Mode), (8 bytes).
    Removing i2c_hal.o(.ARM.exidx.text.SDA_Output_Mode), (8 bytes).
    Removing i2c_hal.o(.ARM.exidx.text.SDA_Output), (8 bytes).
    Removing i2c_hal.o(.ARM.exidx.text.SCL_Output), (8 bytes).
    Removing i2c_hal.o(.ARM.exidx.text.SDA_Input), (8 bytes).
    Removing i2c_hal.o(.ARM.exidx.text.I2CStart), (8 bytes).
    Removing i2c_hal.o(.ARM.exidx.text.delay1), (8 bytes).
    Removing i2c_hal.o(.ARM.exidx.text.I2CStop), (8 bytes).
    Removing i2c_hal.o(.ARM.exidx.text.I2CWaitAck), (8 bytes).
    Removing i2c_hal.o(.text.I2CSendAck), (54 bytes).
    Removing i2c_hal.o(.ARM.exidx.text.I2CSendAck), (8 bytes).
    Removing i2c_hal.o(.ARM.exidx.text.I2CSendNotAck), (8 bytes).
    Removing i2c_hal.o(.ARM.exidx.text.I2CSendByte), (8 bytes).
    Removing i2c_hal.o(.ARM.exidx.text.I2CReceiveByte), (8 bytes).
    Removing i2c_hal.o(.ARM.exidx.text.I2CInit), (8 bytes).
    Removing i2c_hal.o(.text.eeprom_write), (64 bytes).
    Removing i2c_hal.o(.ARM.exidx.text.eeprom_write), (8 bytes).
    Removing i2c_hal.o(.text.eeprom_read), (76 bytes).
    Removing i2c_hal.o(.ARM.exidx.text.eeprom_read), (8 bytes).
    Removing i2c_hal.o(.ARM.exidx.text.mcp4017_write), (8 bytes).
    Removing i2c_hal.o(.ARM.exidx.text.mcp4017_read), (8 bytes).

778 unused section(s) (total 40947 bytes) removed from the image.

==============================================================================

Image Symbol Table

    Local Symbols

    Symbol Name                              Value     Ov Type        Size  Object(Section)

    ../clib/division.s                       0x00000000   Number         0  aeabi_sdiv.o ABSOLUTE
    ../clib/microlib/division.c              0x00000000   Number         0  uidiv.o ABSOLUTE
    ../clib/microlib/division.c              0x00000000   Number         0  uldiv.o ABSOLUTE
    ../clib/microlib/init/entry.s            0x00000000   Number         0  entry.o ABSOLUTE
    ../clib/microlib/init/entry.s            0x00000000   Number         0  entry2.o ABSOLUTE
    ../clib/microlib/init/entry.s            0x00000000   Number         0  entry5.o ABSOLUTE
    ../clib/microlib/init/entry.s            0x00000000   Number         0  entry7a.o ABSOLUTE
    ../clib/microlib/init/entry.s            0x00000000   Number         0  entry7b.o ABSOLUTE
    ../clib/microlib/init/entry.s            0x00000000   Number         0  entry8a.o ABSOLUTE
    ../clib/microlib/init/entry.s            0x00000000   Number         0  entry8b.o ABSOLUTE
    ../clib/microlib/init/entry.s            0x00000000   Number         0  entry9a.o ABSOLUTE
    ../clib/microlib/init/entry.s            0x00000000   Number         0  entry9b.o ABSOLUTE
    ../clib/microlib/init/entry.s            0x00000000   Number         0  entry10a.o ABSOLUTE
    ../clib/microlib/init/entry.s            0x00000000   Number         0  entry10b.o ABSOLUTE
    ../clib/microlib/init/entry.s            0x00000000   Number         0  entry11a.o ABSOLUTE
    ../clib/microlib/init/entry.s            0x00000000   Number         0  entry11b.o ABSOLUTE
    ../clib/microlib/longlong.c              0x00000000   Number         0  llshl.o ABSOLUTE
    ../clib/microlib/longlong.c              0x00000000   Number         0  llushr.o ABSOLUTE
    ../clib/microlib/longlong.c              0x00000000   Number         0  llsshr.o ABSOLUTE
    ../clib/microlib/printf/printf.c         0x00000000   Number         0  printfa.o ABSOLUTE
    ../clib/microlib/stdio/fputc.c           0x00000000   Number         0  fputc.o ABSOLUTE
    ../clib/microlib/stdio/fputc.c           0x00000000   Number         0  fputc_h.o ABSOLUTE
    ../clib/microlib/stdio/semi.s            0x00000000   Number         0  semi.o ABSOLUTE
    ../clib/microlib/stdio/streams.c         0x00000000   Number         0  stdout.o ABSOLUTE
    ../clib/microlib/string/memset.c         0x00000000   Number         0  memseta.o ABSOLUTE
    ../clib/microlib/stubs.s                 0x00000000   Number         0  iusefp.o ABSOLUTE
    ../clib/microlib/stubs.s                 0x00000000   Number         0  iusesemip.o ABSOLUTE
    ../fplib/microlib/fpadd.c                0x00000000   Number         0  dadd.o ABSOLUTE
    ../fplib/microlib/fpdiv.c                0x00000000   Number         0  ddiv.o ABSOLUTE
    ../fplib/microlib/fpepilogue.c           0x00000000   Number         0  depilogue.o ABSOLUTE
    ../fplib/microlib/fpfix.c                0x00000000   Number         0  dfixul.o ABSOLUTE
    ../fplib/microlib/fpflt.c                0x00000000   Number         0  dflti.o ABSOLUTE
    ../fplib/microlib/fpmul.c                0x00000000   Number         0  dmul.o ABSOLUTE
    adc.c                                    0x00000000   Number         0  adc.o ABSOLUTE
    cdrcmple.s                               0x00000000   Number         0  cdrcmple.o ABSOLUTE
    dc.s                                     0x00000000   Number         0  dc.o ABSOLUTE
    fun.c                                    0x00000000   Number         0  fun.o ABSOLUTE
    gpio.c                                   0x00000000   Number         0  gpio.o ABSOLUTE
    handlers.s                               0x00000000   Number         0  handlers.o ABSOLUTE
    i2c_hal.c                                0x00000000   Number         0  i2c_hal.o ABSOLUTE
    init.s                                   0x00000000   Number         0  init.o ABSOLUTE
    lcd.c                                    0x00000000   Number         0  lcd.o ABSOLUTE
    main.c                                   0x00000000   Number         0  main.o ABSOLUTE
    startup_stm32g431xx.s                    0x00000000   Number         0  startup_stm32g431xx.o ABSOLUTE
    stm32g4xx_hal.c                          0x00000000   Number         0  stm32g4xx_hal.o ABSOLUTE
    stm32g4xx_hal_adc.c                      0x00000000   Number         0  stm32g4xx_hal_adc.o ABSOLUTE
    stm32g4xx_hal_adc_ex.c                   0x00000000   Number         0  stm32g4xx_hal_adc_ex.o ABSOLUTE
    stm32g4xx_hal_cortex.c                   0x00000000   Number         0  stm32g4xx_hal_cortex.o ABSOLUTE
    stm32g4xx_hal_dma.c                      0x00000000   Number         0  stm32g4xx_hal_dma.o ABSOLUTE
    stm32g4xx_hal_dma_ex.c                   0x00000000   Number         0  stm32g4xx_hal_dma_ex.o ABSOLUTE
    stm32g4xx_hal_exti.c                     0x00000000   Number         0  stm32g4xx_hal_exti.o ABSOLUTE
    stm32g4xx_hal_flash.c                    0x00000000   Number         0  stm32g4xx_hal_flash.o ABSOLUTE
    stm32g4xx_hal_flash_ex.c                 0x00000000   Number         0  stm32g4xx_hal_flash_ex.o ABSOLUTE
    stm32g4xx_hal_flash_ramfunc.c            0x00000000   Number         0  stm32g4xx_hal_flash_ramfunc.o ABSOLUTE
    stm32g4xx_hal_gpio.c                     0x00000000   Number         0  stm32g4xx_hal_gpio.o ABSOLUTE
    stm32g4xx_hal_msp.c                      0x00000000   Number         0  stm32g4xx_hal_msp.o ABSOLUTE
    stm32g4xx_hal_pwr.c                      0x00000000   Number         0  stm32g4xx_hal_pwr.o ABSOLUTE
    stm32g4xx_hal_pwr_ex.c                   0x00000000   Number         0  stm32g4xx_hal_pwr_ex.o ABSOLUTE
    stm32g4xx_hal_rcc.c                      0x00000000   Number         0  stm32g4xx_hal_rcc.o ABSOLUTE
    stm32g4xx_hal_rcc_ex.c                   0x00000000   Number         0  stm32g4xx_hal_rcc_ex.o ABSOLUTE
    stm32g4xx_it.c                           0x00000000   Number         0  stm32g4xx_it.o ABSOLUTE
    stm32g4xx_ll_adc.c                       0x00000000   Number         0  stm32g4xx_ll_adc.o ABSOLUTE
    system_stm32g4xx.c                       0x00000000   Number         0  system_stm32g4xx.o ABSOLUTE
    RESET                                    0x08000000   Section      472  startup_stm32g431xx.o(RESET)
    .ARM.Collect$$$$00000000                 0x080001d8   Section        0  entry.o(.ARM.Collect$$$$00000000)
    .ARM.Collect$$$$00000001                 0x080001d8   Section        4  entry2.o(.ARM.Collect$$$$00000001)
    .ARM.Collect$$$$00000004                 0x080001dc   Section        4  entry5.o(.ARM.Collect$$$$00000004)
    .ARM.Collect$$$$00000008                 0x080001e0   Section        0  entry7b.o(.ARM.Collect$$$$00000008)
    .ARM.Collect$$$$0000000A                 0x080001e0   Section        0  entry8b.o(.ARM.Collect$$$$0000000A)
    .ARM.Collect$$$$0000000B                 0x080001e0   Section        8  entry9a.o(.ARM.Collect$$$$0000000B)
    __lit__00000000                          0x080001e8   Data           4  entry2.o(.ARM.Collect$$$$00002712)
    .ARM.Collect$$$$0000000D                 0x080001e8   Section        0  entry10a.o(.ARM.Collect$$$$0000000D)
    .ARM.Collect$$$$0000000F                 0x080001e8   Section        0  entry11a.o(.ARM.Collect$$$$0000000F)
    .ARM.Collect$$$$00002712                 0x080001e8   Section        4  entry2.o(.ARM.Collect$$$$00002712)
    $v0                                      0x080001ec   Number         0  startup_stm32g431xx.o(.text)
    .text                                    0x080001ec   Section       36  startup_stm32g431xx.o(.text)
    .text                                    0x08000210   Section        0  memseta.o(.text)
    .text                                    0x08000234   Section        0  dmul.o(.text)
    .text                                    0x08000318   Section        0  ddiv.o(.text)
    .text                                    0x080003f6   Section        0  dflti.o(.text)
    .text                                    0x08000418   Section        0  uidiv.o(.text)
    .text                                    0x08000444   Section        0  uldiv.o(.text)
    .text                                    0x080004a6   Section        0  iusefp.o(.text)
    .text                                    0x080004a6   Section        0  depilogue.o(.text)
    .text                                    0x08000560   Section        0  dadd.o(.text)
    .text                                    0x080006ae   Section        0  dfixul.o(.text)
    .text                                    0x080006e0   Section       48  cdrcmple.o(.text)
    .text                                    0x08000710   Section       36  init.o(.text)
    .text                                    0x08000734   Section        0  llshl.o(.text)
    .text                                    0x08000752   Section        0  llushr.o(.text)
    .text                                    0x08000772   Section        0  llsshr.o(.text)
    [Anonymous Symbol]                       0x08000798   Section        0  stm32g4xx_hal_adc.o(.text.ADC_Disable)
    [Anonymous Symbol]                       0x0800085c   Section        0  stm32g4xx_hal_adc.o(.text.ADC_Enable)
    [Anonymous Symbol]                       0x0800096c   Section        0  stm32g4xx_it.o(.text.BusFault_Handler)
    [Anonymous Symbol]                       0x08000970   Section        0  stm32g4xx_it.o(.text.DebugMon_Handler)
    [Anonymous Symbol]                       0x08000974   Section        0  lcd.o(.text.Delay_LCD)
    [Anonymous Symbol]                       0x080009c8   Section        0  main.o(.text.Error_Handler)
    [Anonymous Symbol]                       0x080009d8   Section        0  stm32g4xx_hal_adc_ex.o(.text.HAL_ADCEx_Calibration_Start)
    [Anonymous Symbol]                       0x08000ab8   Section        0  stm32g4xx_hal_adc_ex.o(.text.HAL_ADCEx_MultiModeConfigChannel)
    [Anonymous Symbol]                       0x08000c30   Section        0  stm32g4xx_hal_adc.o(.text.HAL_ADC_ConfigChannel)
    [Anonymous Symbol]                       0x08001418   Section        0  stm32g4xx_hal_adc.o(.text.HAL_ADC_GetValue)
    [Anonymous Symbol]                       0x08001428   Section        0  stm32g4xx_hal_adc.o(.text.HAL_ADC_Init)
    [Anonymous Symbol]                       0x08001740   Section        0  adc.o(.text.HAL_ADC_MspInit)
    [Anonymous Symbol]                       0x080017e0   Section        0  stm32g4xx_hal_adc.o(.text.HAL_ADC_Start)
    [Anonymous Symbol]                       0x080019ac   Section        0  stm32g4xx_hal.o(.text.HAL_Delay)
    [Anonymous Symbol]                       0x080019f0   Section        0  stm32g4xx_hal_gpio.o(.text.HAL_GPIO_Init)
    [Anonymous Symbol]                       0x08001d70   Section        0  stm32g4xx_hal_gpio.o(.text.HAL_GPIO_ReadPin)
    [Anonymous Symbol]                       0x08001da0   Section        0  stm32g4xx_hal_gpio.o(.text.HAL_GPIO_WritePin)
    [Anonymous Symbol]                       0x08001dcc   Section        0  stm32g4xx_hal.o(.text.HAL_GetTick)
    [Anonymous Symbol]                       0x08001dd8   Section        0  stm32g4xx_hal.o(.text.HAL_IncTick)
    [Anonymous Symbol]                       0x08001df4   Section        0  stm32g4xx_hal.o(.text.HAL_Init)
    [Anonymous Symbol]                       0x08001e24   Section        0  stm32g4xx_hal.o(.text.HAL_InitTick)
    [Anonymous Symbol]                       0x08001eac   Section        0  stm32g4xx_hal_msp.o(.text.HAL_MspInit)
    [Anonymous Symbol]                       0x08001ef4   Section        0  stm32g4xx_hal_cortex.o(.text.HAL_NVIC_SetPriority)
    [Anonymous Symbol]                       0x08001f24   Section        0  stm32g4xx_hal_cortex.o(.text.HAL_NVIC_SetPriorityGrouping)
    [Anonymous Symbol]                       0x08001f34   Section        0  stm32g4xx_hal_pwr_ex.o(.text.HAL_PWREx_ControlVoltageScaling)
    [Anonymous Symbol]                       0x080020e8   Section        0  stm32g4xx_hal_pwr_ex.o(.text.HAL_PWREx_DisableUCPDDeadBattery)
    [Anonymous Symbol]                       0x080020fc   Section        0  stm32g4xx_hal_rcc_ex.o(.text.HAL_RCCEx_PeriphCLKConfig)
    [Anonymous Symbol]                       0x08002558   Section        0  stm32g4xx_hal_rcc.o(.text.HAL_RCC_ClockConfig)
    [Anonymous Symbol]                       0x08002880   Section        0  stm32g4xx_hal_rcc.o(.text.HAL_RCC_GetSysClockFreq)
    [Anonymous Symbol]                       0x0800297c   Section        0  stm32g4xx_hal_rcc.o(.text.HAL_RCC_OscConfig)
    [Anonymous Symbol]                       0x08003134   Section        0  stm32g4xx_hal_cortex.o(.text.HAL_SYSTICK_Config)
    [Anonymous Symbol]                       0x08003144   Section        0  stm32g4xx_it.o(.text.HardFault_Handler)
    [Anonymous Symbol]                       0x08003148   Section        0  i2c_hal.o(.text.I2CInit)
    [Anonymous Symbol]                       0x08003178   Section        0  i2c_hal.o(.text.I2CReceiveByte)
    [Anonymous Symbol]                       0x080031f0   Section        0  i2c_hal.o(.text.I2CSendByte)
    [Anonymous Symbol]                       0x0800325c   Section        0  i2c_hal.o(.text.I2CSendNotAck)
    [Anonymous Symbol]                       0x08003294   Section        0  i2c_hal.o(.text.I2CStart)
    [Anonymous Symbol]                       0x080032d4   Section        0  i2c_hal.o(.text.I2CStop)
    [Anonymous Symbol]                       0x08003314   Section        0  i2c_hal.o(.text.I2CWaitAck)
    [Anonymous Symbol]                       0x0800338c   Section        0  lcd.o(.text.LCD_BusIn)
    [Anonymous Symbol]                       0x080033bc   Section        0  lcd.o(.text.LCD_BusOut)
    [Anonymous Symbol]                       0x080033f0   Section        0  lcd.o(.text.LCD_Clear)
    [Anonymous Symbol]                       0x08003430   Section        0  lcd.o(.text.LCD_CtrlLinesConfig)
    [Anonymous Symbol]                       0x08003508   Section        0  lcd.o(.text.LCD_DisplayChar)
    [Anonymous Symbol]                       0x08003548   Section        0  lcd.o(.text.LCD_DisplayStringLine)
    [Anonymous Symbol]                       0x080035b0   Section        0  lcd.o(.text.LCD_DrawChar)
    [Anonymous Symbol]                       0x08003660   Section        0  lcd.o(.text.LCD_Init)
    [Anonymous Symbol]                       0x080036a4   Section        0  lcd.o(.text.LCD_ReadReg)
    [Anonymous Symbol]                       0x0800374c   Section        0  lcd.o(.text.LCD_SetBackColor)
    [Anonymous Symbol]                       0x08003764   Section        0  lcd.o(.text.LCD_SetCursor)
    [Anonymous Symbol]                       0x08003788   Section        0  lcd.o(.text.LCD_SetTextColor)
    [Anonymous Symbol]                       0x080037a0   Section        0  lcd.o(.text.LCD_WriteRAM)
    [Anonymous Symbol]                       0x0800380c   Section        0  lcd.o(.text.LCD_WriteRAM_Prepare)
    [Anonymous Symbol]                       0x08003870   Section        0  lcd.o(.text.LCD_WriteReg)
    LL_ADC_Disable                           0x080038f9   Thumb Code    28  stm32g4xx_hal_adc.o(.text.LL_ADC_Disable)
    [Anonymous Symbol]                       0x080038f8   Section        0  stm32g4xx_hal_adc.o(.text.LL_ADC_Disable)
    LL_ADC_DisableDeepPowerDown              0x08003915   Thumb Code    24  stm32g4xx_hal_adc.o(.text.LL_ADC_DisableDeepPowerDown)
    [Anonymous Symbol]                       0x08003914   Section        0  stm32g4xx_hal_adc.o(.text.LL_ADC_DisableDeepPowerDown)
    LL_ADC_Enable                            0x0800392d   Thumb Code    28  stm32g4xx_hal_adc.o(.text.LL_ADC_Enable)
    [Anonymous Symbol]                       0x0800392c   Section        0  stm32g4xx_hal_adc.o(.text.LL_ADC_Enable)
    LL_ADC_EnableInternalRegulator           0x08003949   Thumb Code    30  stm32g4xx_hal_adc.o(.text.LL_ADC_EnableInternalRegulator)
    [Anonymous Symbol]                       0x08003948   Section        0  stm32g4xx_hal_adc.o(.text.LL_ADC_EnableInternalRegulator)
    LL_ADC_GetCommonPathInternalCh           0x08003969   Thumb Code    16  stm32g4xx_hal_adc.o(.text.LL_ADC_GetCommonPathInternalCh)
    [Anonymous Symbol]                       0x08003968   Section        0  stm32g4xx_hal_adc.o(.text.LL_ADC_GetCommonPathInternalCh)
    LL_ADC_GetMultimode                      0x08003979   Thumb Code    16  stm32g4xx_hal_adc.o(.text.LL_ADC_GetMultimode)
    [Anonymous Symbol]                       0x08003978   Section        0  stm32g4xx_hal_adc.o(.text.LL_ADC_GetMultimode)
    LL_ADC_GetOffsetChannel                  0x08003989   Thumb Code    30  stm32g4xx_hal_adc.o(.text.LL_ADC_GetOffsetChannel)
    [Anonymous Symbol]                       0x08003988   Section        0  stm32g4xx_hal_adc.o(.text.LL_ADC_GetOffsetChannel)
    LL_ADC_INJ_IsConversionOngoing           0x080039a9   Thumb Code    16  stm32g4xx_hal_adc.o(.text.LL_ADC_INJ_IsConversionOngoing)
    [Anonymous Symbol]                       0x080039a8   Section        0  stm32g4xx_hal_adc.o(.text.LL_ADC_INJ_IsConversionOngoing)
    LL_ADC_IsCalibrationOnGoing              0x080039b9   Thumb Code    14  stm32g4xx_hal_adc_ex.o(.text.LL_ADC_IsCalibrationOnGoing)
    [Anonymous Symbol]                       0x080039b8   Section        0  stm32g4xx_hal_adc_ex.o(.text.LL_ADC_IsCalibrationOnGoing)
    LL_ADC_IsDeepPowerDownEnabled            0x080039c9   Thumb Code    16  stm32g4xx_hal_adc.o(.text.LL_ADC_IsDeepPowerDownEnabled)
    [Anonymous Symbol]                       0x080039c8   Section        0  stm32g4xx_hal_adc.o(.text.LL_ADC_IsDeepPowerDownEnabled)
    LL_ADC_IsDisableOngoing                  0x080039d9   Thumb Code    16  stm32g4xx_hal_adc.o(.text.LL_ADC_IsDisableOngoing)
    [Anonymous Symbol]                       0x080039d8   Section        0  stm32g4xx_hal_adc.o(.text.LL_ADC_IsDisableOngoing)
    LL_ADC_IsEnabled                         0x080039e9   Thumb Code    16  stm32g4xx_hal_adc.o(.text.LL_ADC_IsEnabled)
    [Anonymous Symbol]                       0x080039e8   Section        0  stm32g4xx_hal_adc.o(.text.LL_ADC_IsEnabled)
    LL_ADC_IsEnabled                         0x080039f9   Thumb Code    16  stm32g4xx_hal_adc_ex.o(.text.LL_ADC_IsEnabled)
    [Anonymous Symbol]                       0x080039f8   Section        0  stm32g4xx_hal_adc_ex.o(.text.LL_ADC_IsEnabled)
    LL_ADC_IsInternalRegulatorEnabled        0x08003a09   Thumb Code    16  stm32g4xx_hal_adc.o(.text.LL_ADC_IsInternalRegulatorEnabled)
    [Anonymous Symbol]                       0x08003a08   Section        0  stm32g4xx_hal_adc.o(.text.LL_ADC_IsInternalRegulatorEnabled)
    LL_ADC_REG_IsConversionOngoing           0x08003a19   Thumb Code    16  stm32g4xx_hal_adc.o(.text.LL_ADC_REG_IsConversionOngoing)
    [Anonymous Symbol]                       0x08003a18   Section        0  stm32g4xx_hal_adc.o(.text.LL_ADC_REG_IsConversionOngoing)
    LL_ADC_REG_IsConversionOngoing           0x08003a29   Thumb Code    16  stm32g4xx_hal_adc_ex.o(.text.LL_ADC_REG_IsConversionOngoing)
    [Anonymous Symbol]                       0x08003a28   Section        0  stm32g4xx_hal_adc_ex.o(.text.LL_ADC_REG_IsConversionOngoing)
    LL_ADC_REG_SetSequencerRanks             0x08003a39   Thumb Code    58  stm32g4xx_hal_adc.o(.text.LL_ADC_REG_SetSequencerRanks)
    [Anonymous Symbol]                       0x08003a38   Section        0  stm32g4xx_hal_adc.o(.text.LL_ADC_REG_SetSequencerRanks)
    LL_ADC_REG_StartConversion               0x08003a75   Thumb Code    28  stm32g4xx_hal_adc.o(.text.LL_ADC_REG_StartConversion)
    [Anonymous Symbol]                       0x08003a74   Section        0  stm32g4xx_hal_adc.o(.text.LL_ADC_REG_StartConversion)
    LL_ADC_SetChannelSamplingTime            0x08003a91   Thumb Code    54  stm32g4xx_hal_adc.o(.text.LL_ADC_SetChannelSamplingTime)
    [Anonymous Symbol]                       0x08003a90   Section        0  stm32g4xx_hal_adc.o(.text.LL_ADC_SetChannelSamplingTime)
    LL_ADC_SetChannelSingleDiff              0x08003ac9   Thumb Code    52  stm32g4xx_hal_adc.o(.text.LL_ADC_SetChannelSingleDiff)
    [Anonymous Symbol]                       0x08003ac8   Section        0  stm32g4xx_hal_adc.o(.text.LL_ADC_SetChannelSingleDiff)
    LL_ADC_SetCommonClock                    0x08003afd   Thumb Code    26  stm32g4xx_hal_adc.o(.text.LL_ADC_SetCommonClock)
    [Anonymous Symbol]                       0x08003afc   Section        0  stm32g4xx_hal_adc.o(.text.LL_ADC_SetCommonClock)
    LL_ADC_SetCommonPathInternalCh           0x08003b19   Thumb Code    26  stm32g4xx_hal_adc.o(.text.LL_ADC_SetCommonPathInternalCh)
    [Anonymous Symbol]                       0x08003b18   Section        0  stm32g4xx_hal_adc.o(.text.LL_ADC_SetCommonPathInternalCh)
    LL_ADC_SetOffset                         0x08003b35   Thumb Code    60  stm32g4xx_hal_adc.o(.text.LL_ADC_SetOffset)
    [Anonymous Symbol]                       0x08003b34   Section        0  stm32g4xx_hal_adc.o(.text.LL_ADC_SetOffset)
    LL_ADC_SetOffsetSaturation               0x08003b71   Thumb Code    40  stm32g4xx_hal_adc.o(.text.LL_ADC_SetOffsetSaturation)
    [Anonymous Symbol]                       0x08003b70   Section        0  stm32g4xx_hal_adc.o(.text.LL_ADC_SetOffsetSaturation)
    LL_ADC_SetOffsetSign                     0x08003b99   Thumb Code    40  stm32g4xx_hal_adc.o(.text.LL_ADC_SetOffsetSign)
    [Anonymous Symbol]                       0x08003b98   Section        0  stm32g4xx_hal_adc.o(.text.LL_ADC_SetOffsetSign)
    LL_ADC_SetOffsetState                    0x08003bc1   Thumb Code    40  stm32g4xx_hal_adc.o(.text.LL_ADC_SetOffsetState)
    [Anonymous Symbol]                       0x08003bc0   Section        0  stm32g4xx_hal_adc.o(.text.LL_ADC_SetOffsetState)
    LL_ADC_SetSamplingTimeCommonConfig       0x08003be9   Thumb Code    26  stm32g4xx_hal_adc.o(.text.LL_ADC_SetSamplingTimeCommonConfig)
    [Anonymous Symbol]                       0x08003be8   Section        0  stm32g4xx_hal_adc.o(.text.LL_ADC_SetSamplingTimeCommonConfig)
    LL_ADC_StartCalibration                  0x08003c05   Thumb Code    40  stm32g4xx_hal_adc_ex.o(.text.LL_ADC_StartCalibration)
    [Anonymous Symbol]                       0x08003c04   Section        0  stm32g4xx_hal_adc_ex.o(.text.LL_ADC_StartCalibration)
    [Anonymous Symbol]                       0x08003c2c   Section        0  adc.o(.text.MX_ADC1_Init)
    [Anonymous Symbol]                       0x08003ce8   Section        0  gpio.o(.text.MX_GPIO_Init)
    [Anonymous Symbol]                       0x08003e4c   Section        0  stm32g4xx_it.o(.text.MemManage_Handler)
    [Anonymous Symbol]                       0x08003e50   Section        0  stm32g4xx_it.o(.text.NMI_Handler)
    NVIC_EncodePriority                      0x08003e55   Thumb Code   108  stm32g4xx_hal_cortex.o(.text.NVIC_EncodePriority)
    [Anonymous Symbol]                       0x08003e54   Section        0  stm32g4xx_hal_cortex.o(.text.NVIC_EncodePriority)
    [Anonymous Symbol]                       0x08003ec0   Section        0  stm32g4xx_it.o(.text.PendSV_Handler)
    RCC_GetSysClockFreqFromPLLSource         0x08003ec5   Thumb Code   156  stm32g4xx_hal_rcc.o(.text.RCC_GetSysClockFreqFromPLLSource)
    [Anonymous Symbol]                       0x08003ec4   Section        0  stm32g4xx_hal_rcc.o(.text.RCC_GetSysClockFreqFromPLLSource)
    [Anonymous Symbol]                       0x08003f60   Section        0  lcd.o(.text.REG_8230_Init)
    [Anonymous Symbol]                       0x08004080   Section        0  lcd.o(.text.REG_932X_Init)
    [Anonymous Symbol]                       0x0800429c   Section        0  i2c_hal.o(.text.SCL_Output)
    [Anonymous Symbol]                       0x080042d4   Section        0  i2c_hal.o(.text.SDA_Input)
    [Anonymous Symbol]                       0x08004304   Section        0  i2c_hal.o(.text.SDA_Input_Mode)
    [Anonymous Symbol]                       0x08004334   Section        0  i2c_hal.o(.text.SDA_Output)
    [Anonymous Symbol]                       0x0800436c   Section        0  i2c_hal.o(.text.SDA_Output_Mode)
    [Anonymous Symbol]                       0x0800439c   Section        0  stm32g4xx_it.o(.text.SVC_Handler)
    SysTick_Config                           0x080043a1   Thumb Code    82  stm32g4xx_hal_cortex.o(.text.SysTick_Config)
    [Anonymous Symbol]                       0x080043a0   Section        0  stm32g4xx_hal_cortex.o(.text.SysTick_Config)
    [Anonymous Symbol]                       0x080043f4   Section        0  stm32g4xx_it.o(.text.SysTick_Handler)
    [Anonymous Symbol]                       0x080043fc   Section        0  main.o(.text.SystemClock_Config)
    [Anonymous Symbol]                       0x08004474   Section        0  system_stm32g4xx.o(.text.SystemInit)
    [Anonymous Symbol]                       0x08004488   Section        0  stm32g4xx_it.o(.text.UsageFault_Handler)
    __NVIC_GetPriorityGrouping               0x0800448d   Thumb Code    16  stm32g4xx_hal_cortex.o(.text.__NVIC_GetPriorityGrouping)
    [Anonymous Symbol]                       0x0800448c   Section        0  stm32g4xx_hal_cortex.o(.text.__NVIC_GetPriorityGrouping)
    __NVIC_SetPriority                       0x0800449d   Thumb Code    66  stm32g4xx_hal_cortex.o(.text.__NVIC_SetPriority)
    [Anonymous Symbol]                       0x0800449c   Section        0  stm32g4xx_hal_cortex.o(.text.__NVIC_SetPriority)
    __NVIC_SetPriorityGrouping               0x080044e1   Thumb Code    60  stm32g4xx_hal_cortex.o(.text.__NVIC_SetPriorityGrouping)
    [Anonymous Symbol]                       0x080044e0   Section        0  stm32g4xx_hal_cortex.o(.text.__NVIC_SetPriorityGrouping)
    [Anonymous Symbol]                       0x08004520   Section        0  fun.o(.text.adc_read)
    delay1                                   0x08004581   Thumb Code    34  i2c_hal.o(.text.delay1)
    [Anonymous Symbol]                       0x08004580   Section        0  i2c_hal.o(.text.delay1)
    [Anonymous Symbol]                       0x080045a4   Section        0  fun.o(.text.key_scan)
    [Anonymous Symbol]                       0x0800473c   Section        0  fun.o(.text.lcd_show)
    [Anonymous Symbol]                       0x080047c0   Section        0  fun.o(.text.led_show)
    [Anonymous Symbol]                       0x08004838   Section        0  fun.o(.text.loop)
    [Anonymous Symbol]                       0x08004870   Section        0  main.o(.text.main)
    [Anonymous Symbol]                       0x080048bc   Section        0  i2c_hal.o(.text.mcp4017_read)
    [Anonymous Symbol]                       0x080048ec   Section        0  i2c_hal.o(.text.mcp4017_write)
    i.__0sprintf                             0x0800491c   Section        0  printfa.o(i.__0sprintf)
    i.__scatterload_copy                     0x08004944   Section       14  handlers.o(i.__scatterload_copy)
    i.__scatterload_null                     0x08004952   Section        2  handlers.o(i.__scatterload_null)
    i.__scatterload_zeroinit                 0x08004954   Section       14  handlers.o(i.__scatterload_zeroinit)
    _fp_digits                               0x08004965   Thumb Code   366  printfa.o(i._fp_digits)
    i._fp_digits                             0x08004964   Section        0  printfa.o(i._fp_digits)
    _printf_core                             0x08004ae9   Thumb Code  1744  printfa.o(i._printf_core)
    i._printf_core                           0x08004ae8   Section        0  printfa.o(i._printf_core)
    _printf_post_padding                     0x080051c5   Thumb Code    36  printfa.o(i._printf_post_padding)
    i._printf_post_padding                   0x080051c4   Section        0  printfa.o(i._printf_post_padding)
    _printf_pre_padding                      0x080051e9   Thumb Code    46  printfa.o(i._printf_pre_padding)
    i._printf_pre_padding                    0x080051e8   Section        0  printfa.o(i._printf_pre_padding)
    _sputc                                   0x08005217   Thumb Code    10  printfa.o(i._sputc)
    i._sputc                                 0x08005216   Section        0  printfa.o(i._sputc)
    .L.str.2                                 0x08006400   Data          13  fun.o(.rodata.str1.1)
    [Anonymous Symbol]                       0x08006400   Section        0  fun.o(.rodata.str1.1)
    .L.str.1                                 0x0800640d   Data          11  fun.o(.rodata.str1.1)
    .L.str                                   0x08006418   Data          12  fun.o(.rodata.str1.1)
    BackColor                                0x20000000   Data           2  lcd.o(.data.BackColor)
    [Anonymous Symbol]                       0x20000000   Section        0  lcd.o(.data.BackColor)
    TextColor                                0x20000010   Data           2  lcd.o(.bss.TextColor)
    [Anonymous Symbol]                       0x20000010   Section        0  lcd.o(.bss.TextColor)
    key_scan.B1_last                         0x20000080   Data           1  fun.o(.bss.key_scan.B1_last)
    [Anonymous Symbol]                       0x20000080   Section        0  fun.o(.bss.key_scan.B1_last)
    key_scan.B1_state                        0x20000081   Data           1  fun.o(.bss.key_scan.B1_state)
    [Anonymous Symbol]                       0x20000081   Section        0  fun.o(.bss.key_scan.B1_state)
    key_scan.B2_last                         0x20000082   Data           1  fun.o(.bss.key_scan.B2_last)
    [Anonymous Symbol]                       0x20000082   Section        0  fun.o(.bss.key_scan.B2_last)
    key_scan.B2_state                        0x20000083   Data           1  fun.o(.bss.key_scan.B2_state)
    [Anonymous Symbol]                       0x20000083   Section        0  fun.o(.bss.key_scan.B2_state)
    key_scan.B3_last                         0x20000084   Data           1  fun.o(.bss.key_scan.B3_last)
    [Anonymous Symbol]                       0x20000084   Section        0  fun.o(.bss.key_scan.B3_last)
    key_scan.B3_state                        0x20000085   Data           1  fun.o(.bss.key_scan.B3_state)
    [Anonymous Symbol]                       0x20000085   Section        0  fun.o(.bss.key_scan.B3_state)
    key_scan.B4_last                         0x20000086   Data           1  fun.o(.bss.key_scan.B4_last)
    [Anonymous Symbol]                       0x20000086   Section        0  fun.o(.bss.key_scan.B4_last)
    key_scan.B4_state                        0x20000087   Data           1  fun.o(.bss.key_scan.B4_state)
    [Anonymous Symbol]                       0x20000087   Section        0  fun.o(.bss.key_scan.B4_state)
    key_scan.lastTick                        0x20000088   Data           4  fun.o(.bss.key_scan.lastTick)
    [Anonymous Symbol]                       0x20000088   Section        0  fun.o(.bss.key_scan.lastTick)
    STACK                                    0x200000b0   Section     8192  startup_stm32g431xx.o(STACK)

    Global Symbols

    Symbol Name                              Value     Ov Type        Size  Object(Section)

    BuildAttributes$$THM_ISAv4$E$P$D$K$B$S$7EM$VFPi3$EXTD16$VFPS$VFMA$PE$A:L22UL41UL21$X:L11$S22US41US21$IEEE1$IW$~IW$USESV6$~STKCKD$USESV7$~SHL$OSPACE$ROPI$EBA8$MICROLIB$REQ8$PRES8$EABIv2 0x00000000   Number         0  anon$$obj.o ABSOLUTE
    __cpp_initialize__aeabi_                  - Undefined Weak Reference
    __cxa_finalize                            - Undefined Weak Reference
    __decompress                              - Undefined Weak Reference
    _clock_init                               - Undefined Weak Reference
    _microlib_exit                            - Undefined Weak Reference
    __Vectors_Size                           0x000001d8   Number         0  startup_stm32g431xx.o ABSOLUTE
    __Vectors                                0x08000000   Data           4  startup_stm32g431xx.o(RESET)
    __Vectors_End                            0x080001d8   Data           0  startup_stm32g431xx.o(RESET)
    __main                                   0x080001d9   Thumb Code     0  entry.o(.ARM.Collect$$$$00000000)
    _main_stk                                0x080001d9   Thumb Code     0  entry2.o(.ARM.Collect$$$$00000001)
    _main_scatterload                        0x080001dd   Thumb Code     0  entry5.o(.ARM.Collect$$$$00000004)
    __main_after_scatterload                 0x080001e1   Thumb Code     0  entry5.o(.ARM.Collect$$$$00000004)
    _main_clock                              0x080001e1   Thumb Code     0  entry7b.o(.ARM.Collect$$$$00000008)
    _main_cpp_init                           0x080001e1   Thumb Code     0  entry8b.o(.ARM.Collect$$$$0000000A)
    _main_init                               0x080001e1   Thumb Code     0  entry9a.o(.ARM.Collect$$$$0000000B)
    __rt_final_cpp                           0x080001e9   Thumb Code     0  entry10a.o(.ARM.Collect$$$$0000000D)
    __rt_final_exit                          0x080001e9   Thumb Code     0  entry11a.o(.ARM.Collect$$$$0000000F)
    Reset_Handler                            0x080001ed   Thumb Code     8  startup_stm32g431xx.o(.text)
    ADC1_2_IRQHandler                        0x08000207   Thumb Code     0  startup_stm32g431xx.o(.text)
    COMP1_2_3_IRQHandler                     0x08000207   Thumb Code     0  startup_stm32g431xx.o(.text)
    COMP4_IRQHandler                         0x08000207   Thumb Code     0  startup_stm32g431xx.o(.text)
    CORDIC_IRQHandler                        0x08000207   Thumb Code     0  startup_stm32g431xx.o(.text)
    CRS_IRQHandler                           0x08000207   Thumb Code     0  startup_stm32g431xx.o(.text)
    DMA1_Channel1_IRQHandler                 0x08000207   Thumb Code     0  startup_stm32g431xx.o(.text)
    DMA1_Channel2_IRQHandler                 0x08000207   Thumb Code     0  startup_stm32g431xx.o(.text)
    DMA1_Channel3_IRQHandler                 0x08000207   Thumb Code     0  startup_stm32g431xx.o(.text)
    DMA1_Channel4_IRQHandler                 0x08000207   Thumb Code     0  startup_stm32g431xx.o(.text)
    DMA1_Channel5_IRQHandler                 0x08000207   Thumb Code     0  startup_stm32g431xx.o(.text)
    DMA1_Channel6_IRQHandler                 0x08000207   Thumb Code     0  startup_stm32g431xx.o(.text)
    DMA2_Channel1_IRQHandler                 0x08000207   Thumb Code     0  startup_stm32g431xx.o(.text)
    DMA2_Channel2_IRQHandler                 0x08000207   Thumb Code     0  startup_stm32g431xx.o(.text)
    DMA2_Channel3_IRQHandler                 0x08000207   Thumb Code     0  startup_stm32g431xx.o(.text)
    DMA2_Channel4_IRQHandler                 0x08000207   Thumb Code     0  startup_stm32g431xx.o(.text)
    DMA2_Channel5_IRQHandler                 0x08000207   Thumb Code     0  startup_stm32g431xx.o(.text)
    DMA2_Channel6_IRQHandler                 0x08000207   Thumb Code     0  startup_stm32g431xx.o(.text)
    DMAMUX_OVR_IRQHandler                    0x08000207   Thumb Code     0  startup_stm32g431xx.o(.text)
    EXTI0_IRQHandler                         0x08000207   Thumb Code     0  startup_stm32g431xx.o(.text)
    EXTI15_10_IRQHandler                     0x08000207   Thumb Code     0  startup_stm32g431xx.o(.text)
    EXTI1_IRQHandler                         0x08000207   Thumb Code     0  startup_stm32g431xx.o(.text)
    EXTI2_IRQHandler                         0x08000207   Thumb Code     0  startup_stm32g431xx.o(.text)
    EXTI3_IRQHandler                         0x08000207   Thumb Code     0  startup_stm32g431xx.o(.text)
    EXTI4_IRQHandler                         0x08000207   Thumb Code     0  startup_stm32g431xx.o(.text)
    EXTI9_5_IRQHandler                       0x08000207   Thumb Code     0  startup_stm32g431xx.o(.text)
    FDCAN1_IT0_IRQHandler                    0x08000207   Thumb Code     0  startup_stm32g431xx.o(.text)
    FDCAN1_IT1_IRQHandler                    0x08000207   Thumb Code     0  startup_stm32g431xx.o(.text)
    FLASH_IRQHandler                         0x08000207   Thumb Code     0  startup_stm32g431xx.o(.text)
    FMAC_IRQHandler                          0x08000207   Thumb Code     0  startup_stm32g431xx.o(.text)
    FPU_IRQHandler                           0x08000207   Thumb Code     0  startup_stm32g431xx.o(.text)
    I2C1_ER_IRQHandler                       0x08000207   Thumb Code     0  startup_stm32g431xx.o(.text)
    I2C1_EV_IRQHandler                       0x08000207   Thumb Code     0  startup_stm32g431xx.o(.text)
    I2C2_ER_IRQHandler                       0x08000207   Thumb Code     0  startup_stm32g431xx.o(.text)
    I2C2_EV_IRQHandler                       0x08000207   Thumb Code     0  startup_stm32g431xx.o(.text)
    I2C3_ER_IRQHandler                       0x08000207   Thumb Code     0  startup_stm32g431xx.o(.text)
    I2C3_EV_IRQHandler                       0x08000207   Thumb Code     0  startup_stm32g431xx.o(.text)
    LPTIM1_IRQHandler                        0x08000207   Thumb Code     0  startup_stm32g431xx.o(.text)
    LPUART1_IRQHandler                       0x08000207   Thumb Code     0  startup_stm32g431xx.o(.text)
    PVD_PVM_IRQHandler                       0x08000207   Thumb Code     0  startup_stm32g431xx.o(.text)
    RCC_IRQHandler                           0x08000207   Thumb Code     0  startup_stm32g431xx.o(.text)
    RNG_IRQHandler                           0x08000207   Thumb Code     0  startup_stm32g431xx.o(.text)
    RTC_Alarm_IRQHandler                     0x08000207   Thumb Code     0  startup_stm32g431xx.o(.text)
    RTC_TAMP_LSECSS_IRQHandler               0x08000207   Thumb Code     0  startup_stm32g431xx.o(.text)
    RTC_WKUP_IRQHandler                      0x08000207   Thumb Code     0  startup_stm32g431xx.o(.text)
    SAI1_IRQHandler                          0x08000207   Thumb Code     0  startup_stm32g431xx.o(.text)
    SPI1_IRQHandler                          0x08000207   Thumb Code     0  startup_stm32g431xx.o(.text)
    SPI2_IRQHandler                          0x08000207   Thumb Code     0  startup_stm32g431xx.o(.text)
    SPI3_IRQHandler                          0x08000207   Thumb Code     0  startup_stm32g431xx.o(.text)
    TIM1_BRK_TIM15_IRQHandler                0x08000207   Thumb Code     0  startup_stm32g431xx.o(.text)
    TIM1_CC_IRQHandler                       0x08000207   Thumb Code     0  startup_stm32g431xx.o(.text)
    TIM1_TRG_COM_TIM17_IRQHandler            0x08000207   Thumb Code     0  startup_stm32g431xx.o(.text)
    TIM1_UP_TIM16_IRQHandler                 0x08000207   Thumb Code     0  startup_stm32g431xx.o(.text)
    TIM2_IRQHandler                          0x08000207   Thumb Code     0  startup_stm32g431xx.o(.text)
    TIM3_IRQHandler                          0x08000207   Thumb Code     0  startup_stm32g431xx.o(.text)
    TIM4_IRQHandler                          0x08000207   Thumb Code     0  startup_stm32g431xx.o(.text)
    TIM6_DAC_IRQHandler                      0x08000207   Thumb Code     0  startup_stm32g431xx.o(.text)
    TIM7_IRQHandler                          0x08000207   Thumb Code     0  startup_stm32g431xx.o(.text)
    TIM8_BRK_IRQHandler                      0x08000207   Thumb Code     0  startup_stm32g431xx.o(.text)
    TIM8_CC_IRQHandler                       0x08000207   Thumb Code     0  startup_stm32g431xx.o(.text)
    TIM8_TRG_COM_IRQHandler                  0x08000207   Thumb Code     0  startup_stm32g431xx.o(.text)
    TIM8_UP_IRQHandler                       0x08000207   Thumb Code     0  startup_stm32g431xx.o(.text)
    UART4_IRQHandler                         0x08000207   Thumb Code     0  startup_stm32g431xx.o(.text)
    UCPD1_IRQHandler                         0x08000207   Thumb Code     0  startup_stm32g431xx.o(.text)
    USART1_IRQHandler                        0x08000207   Thumb Code     0  startup_stm32g431xx.o(.text)
    USART2_IRQHandler                        0x08000207   Thumb Code     0  startup_stm32g431xx.o(.text)
    USART3_IRQHandler                        0x08000207   Thumb Code     0  startup_stm32g431xx.o(.text)
    USBWakeUp_IRQHandler                     0x08000207   Thumb Code     0  startup_stm32g431xx.o(.text)
    USB_HP_IRQHandler                        0x08000207   Thumb Code     0  startup_stm32g431xx.o(.text)
    USB_LP_IRQHandler                        0x08000207   Thumb Code     0  startup_stm32g431xx.o(.text)
    WWDG_IRQHandler                          0x08000207   Thumb Code     0  startup_stm32g431xx.o(.text)
    __aeabi_memset                           0x08000211   Thumb Code    14  memseta.o(.text)
    __aeabi_memset4                          0x08000211   Thumb Code     0  memseta.o(.text)
    __aeabi_memset8                          0x08000211   Thumb Code     0  memseta.o(.text)
    __aeabi_memclr                           0x0800021f   Thumb Code     4  memseta.o(.text)
    __aeabi_memclr4                          0x0800021f   Thumb Code     0  memseta.o(.text)
    __aeabi_memclr8                          0x0800021f   Thumb Code     0  memseta.o(.text)
    _memset$wrapper                          0x08000223   Thumb Code    18  memseta.o(.text)
    __aeabi_dmul                             0x08000235   Thumb Code   228  dmul.o(.text)
    __aeabi_ddiv                             0x08000319   Thumb Code   222  ddiv.o(.text)
    __aeabi_i2d                              0x080003f7   Thumb Code    34  dflti.o(.text)
    __aeabi_uidiv                            0x08000419   Thumb Code     0  uidiv.o(.text)
    __aeabi_uidivmod                         0x08000419   Thumb Code    44  uidiv.o(.text)
    __aeabi_uldivmod                         0x08000445   Thumb Code    98  uldiv.o(.text)
    __I$use$fp                               0x080004a7   Thumb Code     0  iusefp.o(.text)
    _double_round                            0x080004a7   Thumb Code    30  depilogue.o(.text)
    _double_epilogue                         0x080004c5   Thumb Code   156  depilogue.o(.text)
    __aeabi_dadd                             0x08000561   Thumb Code   322  dadd.o(.text)
    __aeabi_dsub                             0x080006a3   Thumb Code     6  dadd.o(.text)
    __aeabi_drsub                            0x080006a9   Thumb Code     6  dadd.o(.text)
    __aeabi_d2ulz                            0x080006af   Thumb Code    48  dfixul.o(.text)
    __aeabi_cdrcmple                         0x080006e1   Thumb Code    48  cdrcmple.o(.text)
    __scatterload                            0x08000711   Thumb Code    28  init.o(.text)
    __scatterload_rt2                        0x08000711   Thumb Code     0  init.o(.text)
    __aeabi_llsl                             0x08000735   Thumb Code    30  llshl.o(.text)
    _ll_shift_l                              0x08000735   Thumb Code     0  llshl.o(.text)
    __aeabi_llsr                             0x08000753   Thumb Code    32  llushr.o(.text)
    _ll_ushift_r                             0x08000753   Thumb Code     0  llushr.o(.text)
    __aeabi_lasr                             0x08000773   Thumb Code    36  llsshr.o(.text)
    _ll_sshift_r                             0x08000773   Thumb Code     0  llsshr.o(.text)
    ADC_Disable                              0x08000799   Thumb Code   196  stm32g4xx_hal_adc.o(.text.ADC_Disable)
    ADC_Enable                               0x0800085d   Thumb Code   272  stm32g4xx_hal_adc.o(.text.ADC_Enable)
    BusFault_Handler                         0x0800096d   Thumb Code     4  stm32g4xx_it.o(.text.BusFault_Handler)
    DebugMon_Handler                         0x08000971   Thumb Code     2  stm32g4xx_it.o(.text.DebugMon_Handler)
    Delay_LCD                                0x08000975   Thumb Code    82  lcd.o(.text.Delay_LCD)
    Error_Handler                            0x080009c9   Thumb Code    14  main.o(.text.Error_Handler)
    HAL_ADCEx_Calibration_Start              0x080009d9   Thumb Code   224  stm32g4xx_hal_adc_ex.o(.text.HAL_ADCEx_Calibration_Start)
    HAL_ADCEx_MultiModeConfigChannel         0x08000ab9   Thumb Code   374  stm32g4xx_hal_adc_ex.o(.text.HAL_ADCEx_MultiModeConfigChannel)
    HAL_ADC_ConfigChannel                    0x08000c31   Thumb Code  2024  stm32g4xx_hal_adc.o(.text.HAL_ADC_ConfigChannel)
    HAL_ADC_GetValue                         0x08001419   Thumb Code    14  stm32g4xx_hal_adc.o(.text.HAL_ADC_GetValue)
    HAL_ADC_Init                             0x08001429   Thumb Code   792  stm32g4xx_hal_adc.o(.text.HAL_ADC_Init)
    HAL_ADC_MspInit                          0x08001741   Thumb Code   160  adc.o(.text.HAL_ADC_MspInit)
    HAL_ADC_Start                            0x080017e1   Thumb Code   460  stm32g4xx_hal_adc.o(.text.HAL_ADC_Start)
    HAL_Delay                                0x080019ad   Thumb Code    66  stm32g4xx_hal.o(.text.HAL_Delay)
    HAL_GPIO_Init                            0x080019f1   Thumb Code   896  stm32g4xx_hal_gpio.o(.text.HAL_GPIO_Init)
    HAL_GPIO_ReadPin                         0x08001d71   Thumb Code    46  stm32g4xx_hal_gpio.o(.text.HAL_GPIO_ReadPin)
    HAL_GPIO_WritePin                        0x08001da1   Thumb Code    44  stm32g4xx_hal_gpio.o(.text.HAL_GPIO_WritePin)
    HAL_GetTick                              0x08001dcd   Thumb Code    12  stm32g4xx_hal.o(.text.HAL_GetTick)
    HAL_IncTick                              0x08001dd9   Thumb Code    26  stm32g4xx_hal.o(.text.HAL_IncTick)
    HAL_Init                                 0x08001df5   Thumb Code    48  stm32g4xx_hal.o(.text.HAL_Init)
    HAL_InitTick                             0x08001e25   Thumb Code   136  stm32g4xx_hal.o(.text.HAL_InitTick)
    HAL_MspInit                              0x08001ead   Thumb Code    72  stm32g4xx_hal_msp.o(.text.HAL_MspInit)
    HAL_NVIC_SetPriority                     0x08001ef5   Thumb Code    46  stm32g4xx_hal_cortex.o(.text.HAL_NVIC_SetPriority)
    HAL_NVIC_SetPriorityGrouping             0x08001f25   Thumb Code    16  stm32g4xx_hal_cortex.o(.text.HAL_NVIC_SetPriorityGrouping)
    HAL_PWREx_ControlVoltageScaling          0x08001f35   Thumb Code   436  stm32g4xx_hal_pwr_ex.o(.text.HAL_PWREx_ControlVoltageScaling)
    HAL_PWREx_DisableUCPDDeadBattery         0x080020e9   Thumb Code    18  stm32g4xx_hal_pwr_ex.o(.text.HAL_PWREx_DisableUCPDDeadBattery)
    HAL_RCCEx_PeriphCLKConfig                0x080020fd   Thumb Code  1114  stm32g4xx_hal_rcc_ex.o(.text.HAL_RCCEx_PeriphCLKConfig)
    HAL_RCC_ClockConfig                      0x08002559   Thumb Code   806  stm32g4xx_hal_rcc.o(.text.HAL_RCC_ClockConfig)
    HAL_RCC_GetSysClockFreq                  0x08002881   Thumb Code   252  stm32g4xx_hal_rcc.o(.text.HAL_RCC_GetSysClockFreq)
    HAL_RCC_OscConfig                        0x0800297d   Thumb Code  1974  stm32g4xx_hal_rcc.o(.text.HAL_RCC_OscConfig)
    HAL_SYSTICK_Config                       0x08003135   Thumb Code    16  stm32g4xx_hal_cortex.o(.text.HAL_SYSTICK_Config)
    HardFault_Handler                        0x08003145   Thumb Code     4  stm32g4xx_it.o(.text.HardFault_Handler)
    I2CInit                                  0x08003149   Thumb Code    48  i2c_hal.o(.text.I2CInit)
    I2CReceiveByte                           0x08003179   Thumb Code   120  i2c_hal.o(.text.I2CReceiveByte)
    I2CSendByte                              0x080031f1   Thumb Code   108  i2c_hal.o(.text.I2CSendByte)
    I2CSendNotAck                            0x0800325d   Thumb Code    54  i2c_hal.o(.text.I2CSendNotAck)
    I2CStart                                 0x08003295   Thumb Code    62  i2c_hal.o(.text.I2CStart)
    I2CStop                                  0x080032d5   Thumb Code    62  i2c_hal.o(.text.I2CStop)
    I2CWaitAck                               0x08003315   Thumb Code   120  i2c_hal.o(.text.I2CWaitAck)
    LCD_BusIn                                0x0800338d   Thumb Code    48  lcd.o(.text.LCD_BusIn)
    LCD_BusOut                               0x080033bd   Thumb Code    50  lcd.o(.text.LCD_BusOut)
    LCD_Clear                                0x080033f1   Thumb Code    62  lcd.o(.text.LCD_Clear)
    LCD_CtrlLinesConfig                      0x08003431   Thumb Code   214  lcd.o(.text.LCD_CtrlLinesConfig)
    LCD_DisplayChar                          0x08003509   Thumb Code    62  lcd.o(.text.LCD_DisplayChar)
    LCD_DisplayStringLine                    0x08003549   Thumb Code   102  lcd.o(.text.LCD_DisplayStringLine)
    LCD_DrawChar                             0x080035b1   Thumb Code   174  lcd.o(.text.LCD_DrawChar)
    LCD_Init                                 0x08003661   Thumb Code    66  lcd.o(.text.LCD_Init)
    LCD_ReadReg                              0x080036a5   Thumb Code   168  lcd.o(.text.LCD_ReadReg)
    LCD_SetBackColor                         0x0800374d   Thumb Code    24  lcd.o(.text.LCD_SetBackColor)
    LCD_SetCursor                            0x08003765   Thumb Code    36  lcd.o(.text.LCD_SetCursor)
    LCD_SetTextColor                         0x08003789   Thumb Code    24  lcd.o(.text.LCD_SetTextColor)
    LCD_WriteRAM                             0x080037a1   Thumb Code   108  lcd.o(.text.LCD_WriteRAM)
    LCD_WriteRAM_Prepare                     0x0800380d   Thumb Code    98  lcd.o(.text.LCD_WriteRAM_Prepare)
    LCD_WriteReg                             0x08003871   Thumb Code   134  lcd.o(.text.LCD_WriteReg)
    MX_ADC1_Init                             0x08003c2d   Thumb Code   186  adc.o(.text.MX_ADC1_Init)
    MX_GPIO_Init                             0x08003ce9   Thumb Code   356  gpio.o(.text.MX_GPIO_Init)
    MemManage_Handler                        0x08003e4d   Thumb Code     4  stm32g4xx_it.o(.text.MemManage_Handler)
    NMI_Handler                              0x08003e51   Thumb Code     4  stm32g4xx_it.o(.text.NMI_Handler)
    PendSV_Handler                           0x08003ec1   Thumb Code     2  stm32g4xx_it.o(.text.PendSV_Handler)
    REG_8230_Init                            0x08003f61   Thumb Code   286  lcd.o(.text.REG_8230_Init)
    REG_932X_Init                            0x08004081   Thumb Code   540  lcd.o(.text.REG_932X_Init)
    SCL_Output                               0x0800429d   Thumb Code    54  i2c_hal.o(.text.SCL_Output)
    SDA_Input                                0x080042d5   Thumb Code    48  i2c_hal.o(.text.SDA_Input)
    SDA_Input_Mode                           0x08004305   Thumb Code    48  i2c_hal.o(.text.SDA_Input_Mode)
    SDA_Output                               0x08004335   Thumb Code    54  i2c_hal.o(.text.SDA_Output)
    SDA_Output_Mode                          0x0800436d   Thumb Code    48  i2c_hal.o(.text.SDA_Output_Mode)
    SVC_Handler                              0x0800439d   Thumb Code     2  stm32g4xx_it.o(.text.SVC_Handler)
    SysTick_Handler                          0x080043f5   Thumb Code     8  stm32g4xx_it.o(.text.SysTick_Handler)
    SystemClock_Config                       0x080043fd   Thumb Code   118  main.o(.text.SystemClock_Config)
    SystemInit                               0x08004475   Thumb Code    18  system_stm32g4xx.o(.text.SystemInit)
    UsageFault_Handler                       0x08004489   Thumb Code     4  stm32g4xx_it.o(.text.UsageFault_Handler)
    adc_read                                 0x08004521   Thumb Code    96  fun.o(.text.adc_read)
    key_scan                                 0x080045a5   Thumb Code   408  fun.o(.text.key_scan)
    lcd_show                                 0x0800473d   Thumb Code   132  fun.o(.text.lcd_show)
    led_show                                 0x080047c1   Thumb Code   118  fun.o(.text.led_show)
    loop                                     0x08004839   Thumb Code    56  fun.o(.text.loop)
    main                                     0x08004871   Thumb Code    76  main.o(.text.main)
    mcp4017_read                             0x080048bd   Thumb Code    48  i2c_hal.o(.text.mcp4017_read)
    mcp4017_write                            0x080048ed   Thumb Code    48  i2c_hal.o(.text.mcp4017_write)
    __0sprintf                               0x0800491d   Thumb Code    34  printfa.o(i.__0sprintf)
    __1sprintf                               0x0800491d   Thumb Code     0  printfa.o(i.__0sprintf)
    __2sprintf                               0x0800491d   Thumb Code     0  printfa.o(i.__0sprintf)
    __c89sprintf                             0x0800491d   Thumb Code     0  printfa.o(i.__0sprintf)
    sprintf                                  0x0800491d   Thumb Code     0  printfa.o(i.__0sprintf)
    __scatterload_copy                       0x08004945   Thumb Code    14  handlers.o(i.__scatterload_copy)
    __scatterload_null                       0x08004953   Thumb Code     2  handlers.o(i.__scatterload_null)
    __scatterload_zeroinit                   0x08004955   Thumb Code    14  handlers.o(i.__scatterload_zeroinit)
    AHBPrescTable                            0x08005220   Data          16  system_stm32g4xx.o(.rodata.AHBPrescTable)
    ASCII_Table                              0x08005230   Data        4560  lcd.o(.rodata.ASCII_Table)
    Region$$Table$$Base                      0x08006424   Number         0  anon$$obj.o(Region$$Table)
    Region$$Table$$Limit                     0x08006444   Number         0  anon$$obj.o(Region$$Table)
    SystemCoreClock                          0x20000004   Data           4  system_stm32g4xx.o(.data.SystemCoreClock)
    uwTickFreq                               0x20000008   Data           4  stm32g4xx_hal.o(.data.uwTickFreq)
    uwTickPrio                               0x2000000c   Data           4  stm32g4xx_hal.o(.data.uwTickPrio)
    dummy                                    0x20000012   Data           2  lcd.o(.bss.dummy)
    hadc1                                    0x20000014   Data         108  adc.o(.bss.hadc1)
    mcp4017_data                             0x2000008c   Data           1  fun.o(.bss.mcp4017_data)
    msp_adc                                  0x20000090   Data           8  fun.o(.bss.msp_adc)
    text                                     0x20000098   Data          20  fun.o(.bss.text)
    uwTick                                   0x200000ac   Data           4  stm32g4xx_hal.o(.bss.uwTick)
    __initial_sp                             0x200020b0   Data           0  startup_stm32g431xx.o(STACK)



==============================================================================

Memory Map of the image

  Image Entry point : 0x080001d9

  Load Region LR_IROM1 (Base: 0x08000000, Size: 0x00006458, Max: 0x00020000, ABSOLUTE)

    Execution Region ER_IROM1 (Exec base: 0x08000000, Load base: 0x08000000, Size: 0x00006444, Max: 0x00020000, ABSOLUTE)

    Exec Addr    Load Addr    Size         Type   Attr      Idx    E Section Name        Object

    0x08000000   0x08000000   0x000001d8   Data   RO            3    RESET               startup_stm32g431xx.o
    0x080001d8   0x080001d8   0x00000000   Code   RO         1066  * .ARM.Collect$$$$00000000  mc_w.l(entry.o)
    0x080001d8   0x080001d8   0x00000004   Code   RO         1105    .ARM.Collect$$$$00000001  mc_w.l(entry2.o)
    0x080001dc   0x080001dc   0x00000004   Code   RO         1108    .ARM.Collect$$$$00000004  mc_w.l(entry5.o)
    0x080001e0   0x080001e0   0x00000000   Code   RO         1110    .ARM.Collect$$$$00000008  mc_w.l(entry7b.o)
    0x080001e0   0x080001e0   0x00000000   Code   RO         1112    .ARM.Collect$$$$0000000A  mc_w.l(entry8b.o)
    0x080001e0   0x080001e0   0x00000008   Code   RO         1113    .ARM.Collect$$$$0000000B  mc_w.l(entry9a.o)
    0x080001e8   0x080001e8   0x00000000   Code   RO         1115    .ARM.Collect$$$$0000000D  mc_w.l(entry10a.o)
    0x080001e8   0x080001e8   0x00000000   Code   RO         1117    .ARM.Collect$$$$0000000F  mc_w.l(entry11a.o)
    0x080001e8   0x080001e8   0x00000004   Code   RO         1106    .ARM.Collect$$$$00002712  mc_w.l(entry2.o)
    0x080001ec   0x080001ec   0x00000024   Code   RO            4    .text               startup_stm32g431xx.o
    0x08000210   0x08000210   0x00000024   Code   RO         1069    .text               mc_w.l(memseta.o)
    0x08000234   0x08000234   0x000000e4   Code   RO         1099    .text               mf_w.l(dmul.o)
    0x08000318   0x08000318   0x000000de   Code   RO         1101    .text               mf_w.l(ddiv.o)
    0x080003f6   0x080003f6   0x00000022   Code   RO         1103    .text               mf_w.l(dflti.o)
    0x08000418   0x08000418   0x0000002c   Code   RO         1133    .text               mc_w.l(uidiv.o)
    0x08000444   0x08000444   0x00000062   Code   RO         1135    .text               mc_w.l(uldiv.o)
    0x080004a6   0x080004a6   0x00000000   Code   RO         1137    .text               mc_w.l(iusefp.o)
    0x080004a6   0x080004a6   0x000000ba   Code   RO         1138    .text               mf_w.l(depilogue.o)
    0x08000560   0x08000560   0x0000014e   Code   RO         1140    .text               mf_w.l(dadd.o)
    0x080006ae   0x080006ae   0x00000030   Code   RO         1142    .text               mf_w.l(dfixul.o)
    0x080006de   0x080006de   0x00000002   PAD
    0x080006e0   0x080006e0   0x00000030   Code   RO         1144    .text               mf_w.l(cdrcmple.o)
    0x08000710   0x08000710   0x00000024   Code   RO         1146    .text               mc_w.l(init.o)
    0x08000734   0x08000734   0x0000001e   Code   RO         1149    .text               mc_w.l(llshl.o)
    0x08000752   0x08000752   0x00000020   Code   RO         1151    .text               mc_w.l(llushr.o)
    0x08000772   0x08000772   0x00000024   Code   RO         1153    .text               mc_w.l(llsshr.o)
    0x08000796   0x08000796   0x00000002   PAD
    0x08000798   0x08000798   0x000000c4   Code   RO          104    .text.ADC_Disable   stm32g4xx_hal_adc.o
    0x0800085c   0x0800085c   0x00000110   Code   RO          112    .text.ADC_Enable    stm32g4xx_hal_adc.o
    0x0800096c   0x0800096c   0x00000004   Code   RO           53    .text.BusFault_Handler  stm32g4xx_it.o
    0x08000970   0x08000970   0x00000002   Code   RO           59    .text.DebugMon_Handler  stm32g4xx_it.o
    0x08000972   0x08000972   0x00000002   PAD
    0x08000974   0x08000974   0x00000052   Code   RO          950    .text.Delay_LCD     lcd.o
    0x080009c6   0x080009c6   0x00000002   PAD
    0x080009c8   0x080009c8   0x0000000e   Code   RO           15    .text.Error_Handler  main.o
    0x080009d6   0x080009d6   0x00000002   PAD
    0x080009d8   0x080009d8   0x000000e0   Code   RO          227    .text.HAL_ADCEx_Calibration_Start  stm32g4xx_hal_adc_ex.o
    0x08000ab8   0x08000ab8   0x00000176   Code   RO          317    .text.HAL_ADCEx_MultiModeConfigChannel  stm32g4xx_hal_adc_ex.o
    0x08000c2e   0x08000c2e   0x00000002   PAD
    0x08000c30   0x08000c30   0x000007e8   Code   RO          158    .text.HAL_ADC_ConfigChannel  stm32g4xx_hal_adc.o
    0x08001418   0x08001418   0x0000000e   Code   RO          140    .text.HAL_ADC_GetValue  stm32g4xx_hal_adc.o
    0x08001426   0x08001426   0x00000002   PAD
    0x08001428   0x08001428   0x00000318   Code   RO           80    .text.HAL_ADC_Init  stm32g4xx_hal_adc.o
    0x08001740   0x08001740   0x000000a0   Code   RO           35    .text.HAL_ADC_MspInit  adc.o
    0x080017e0   0x080017e0   0x000001cc   Code   RO          108    .text.HAL_ADC_Start  stm32g4xx_hal_adc.o
    0x080019ac   0x080019ac   0x00000042   Code   RO          361    .text.HAL_Delay     stm32g4xx_hal.o
    0x080019ee   0x080019ee   0x00000002   PAD
    0x080019f0   0x080019f0   0x00000380   Code   RO          609    .text.HAL_GPIO_Init  stm32g4xx_hal_gpio.o
    0x08001d70   0x08001d70   0x0000002e   Code   RO          613    .text.HAL_GPIO_ReadPin  stm32g4xx_hal_gpio.o
    0x08001d9e   0x08001d9e   0x00000002   PAD
    0x08001da0   0x08001da0   0x0000002c   Code   RO          615    .text.HAL_GPIO_WritePin  stm32g4xx_hal_gpio.o
    0x08001dcc   0x08001dcc   0x0000000c   Code   RO          353    .text.HAL_GetTick   stm32g4xx_hal.o
    0x08001dd8   0x08001dd8   0x0000001a   Code   RO          351    .text.HAL_IncTick   stm32g4xx_hal.o
    0x08001df2   0x08001df2   0x00000002   PAD
    0x08001df4   0x08001df4   0x00000030   Code   RO          341    .text.HAL_Init      stm32g4xx_hal.o
    0x08001e24   0x08001e24   0x00000088   Code   RO          343    .text.HAL_InitTick  stm32g4xx_hal.o
    0x08001eac   0x08001eac   0x00000048   Code   RO           72    .text.HAL_MspInit   stm32g4xx_hal_msp.o
    0x08001ef4   0x08001ef4   0x0000002e   Code   RO          835    .text.HAL_NVIC_SetPriority  stm32g4xx_hal_cortex.o
    0x08001f22   0x08001f22   0x00000002   PAD
    0x08001f24   0x08001f24   0x00000010   Code   RO          831    .text.HAL_NVIC_SetPriorityGrouping  stm32g4xx_hal_cortex.o
    0x08001f34   0x08001f34   0x000001b4   Code   RO          752    .text.HAL_PWREx_ControlVoltageScaling  stm32g4xx_hal_pwr_ex.o
    0x080020e8   0x080020e8   0x00000012   Code   RO          822    .text.HAL_PWREx_DisableUCPDDeadBattery  stm32g4xx_hal_pwr_ex.o
    0x080020fa   0x080020fa   0x00000002   PAD
    0x080020fc   0x080020fc   0x0000045a   Code   RO          466    .text.HAL_RCCEx_PeriphCLKConfig  stm32g4xx_hal_rcc_ex.o
    0x08002556   0x08002556   0x00000002   PAD
    0x08002558   0x08002558   0x00000326   Code   RO          431    .text.HAL_RCC_ClockConfig  stm32g4xx_hal_rcc.o
    0x0800287e   0x0800287e   0x00000002   PAD
    0x08002880   0x08002880   0x000000fc   Code   RO          435    .text.HAL_RCC_GetSysClockFreq  stm32g4xx_hal_rcc.o
    0x0800297c   0x0800297c   0x000007b6   Code   RO          429    .text.HAL_RCC_OscConfig  stm32g4xx_hal_rcc.o
    0x08003132   0x08003132   0x00000002   PAD
    0x08003134   0x08003134   0x00000010   Code   RO          855    .text.HAL_SYSTICK_Config  stm32g4xx_hal_cortex.o
    0x08003144   0x08003144   0x00000004   Code   RO           49    .text.HardFault_Handler  stm32g4xx_it.o
    0x08003148   0x08003148   0x00000030   Code   RO         1050    .text.I2CInit       i2c_hal.o
    0x08003178   0x08003178   0x00000078   Code   RO         1048    .text.I2CReceiveByte  i2c_hal.o
    0x080031f0   0x080031f0   0x0000006c   Code   RO         1046    .text.I2CSendByte   i2c_hal.o
    0x0800325c   0x0800325c   0x00000036   Code   RO         1044    .text.I2CSendNotAck  i2c_hal.o
    0x08003292   0x08003292   0x00000002   PAD
    0x08003294   0x08003294   0x0000003e   Code   RO         1034    .text.I2CStart      i2c_hal.o
    0x080032d2   0x080032d2   0x00000002   PAD
    0x080032d4   0x080032d4   0x0000003e   Code   RO         1038    .text.I2CStop       i2c_hal.o
    0x08003312   0x08003312   0x00000002   PAD
    0x08003314   0x08003314   0x00000078   Code   RO         1040    .text.I2CWaitAck    i2c_hal.o
    0x0800338c   0x0800338c   0x00000030   Code   RO          998    .text.LCD_BusIn     lcd.o
    0x080033bc   0x080033bc   0x00000032   Code   RO         1000    .text.LCD_BusOut    lcd.o
    0x080033ee   0x080033ee   0x00000002   PAD
    0x080033f0   0x080033f0   0x0000003e   Code   RO          972    .text.LCD_Clear     lcd.o
    0x0800342e   0x0800342e   0x00000002   PAD
    0x08003430   0x08003430   0x000000d6   Code   RO          960    .text.LCD_CtrlLinesConfig  lcd.o
    0x08003506   0x08003506   0x00000002   PAD
    0x08003508   0x08003508   0x0000003e   Code   RO          982    .text.LCD_DisplayChar  lcd.o
    0x08003546   0x08003546   0x00000002   PAD
    0x08003548   0x08003548   0x00000066   Code   RO          970    .text.LCD_DisplayStringLine  lcd.o
    0x080035ae   0x080035ae   0x00000002   PAD
    0x080035b0   0x080035b0   0x000000ae   Code   RO          980    .text.LCD_DrawChar  lcd.o
    0x0800365e   0x0800365e   0x00000002   PAD
    0x08003660   0x08003660   0x00000042   Code   RO          958    .text.LCD_Init      lcd.o
    0x080036a2   0x080036a2   0x00000002   PAD
    0x080036a4   0x080036a4   0x000000a8   Code   RO          962    .text.LCD_ReadReg   lcd.o
    0x0800374c   0x0800374c   0x00000018   Code   RO          966    .text.LCD_SetBackColor  lcd.o
    0x08003764   0x08003764   0x00000024   Code   RO          974    .text.LCD_SetCursor  lcd.o
    0x08003788   0x08003788   0x00000018   Code   RO          964    .text.LCD_SetTextColor  lcd.o
    0x080037a0   0x080037a0   0x0000006c   Code   RO          978    .text.LCD_WriteRAM  lcd.o
    0x0800380c   0x0800380c   0x00000062   Code   RO          976    .text.LCD_WriteRAM_Prepare  lcd.o
    0x0800386e   0x0800386e   0x00000002   PAD
    0x08003870   0x08003870   0x00000086   Code   RO          954    .text.LCD_WriteReg  lcd.o
    0x080038f6   0x080038f6   0x00000002   PAD
    0x080038f8   0x080038f8   0x0000001c   Code   RO          218    .text.LL_ADC_Disable  stm32g4xx_hal_adc.o
    0x08003914   0x08003914   0x00000018   Code   RO           86    .text.LL_ADC_DisableDeepPowerDown  stm32g4xx_hal_adc.o
    0x0800392c   0x0800392c   0x0000001c   Code   RO          216    .text.LL_ADC_Enable  stm32g4xx_hal_adc.o
    0x08003948   0x08003948   0x0000001e   Code   RO           90    .text.LL_ADC_EnableInternalRegulator  stm32g4xx_hal_adc.o
    0x08003966   0x08003966   0x00000002   PAD
    0x08003968   0x08003968   0x00000010   Code   RO          178    .text.LL_ADC_GetCommonPathInternalCh  stm32g4xx_hal_adc.o
    0x08003978   0x08003978   0x00000010   Code   RO          110    .text.LL_ADC_GetMultimode  stm32g4xx_hal_adc.o
    0x08003988   0x08003988   0x0000001e   Code   RO          172    .text.LL_ADC_GetOffsetChannel  stm32g4xx_hal_adc.o
    0x080039a6   0x080039a6   0x00000002   PAD
    0x080039a8   0x080039a8   0x00000010   Code   RO           98    .text.LL_ADC_INJ_IsConversionOngoing  stm32g4xx_hal_adc.o
    0x080039b8   0x080039b8   0x0000000e   Code   RO          231    .text.LL_ADC_IsCalibrationOnGoing  stm32g4xx_hal_adc_ex.o
    0x080039c6   0x080039c6   0x00000002   PAD
    0x080039c8   0x080039c8   0x00000010   Code   RO           84    .text.LL_ADC_IsDeepPowerDownEnabled  stm32g4xx_hal_adc.o
    0x080039d8   0x080039d8   0x00000010   Code   RO          210    .text.LL_ADC_IsDisableOngoing  stm32g4xx_hal_adc.o
    0x080039e8   0x080039e8   0x00000010   Code   RO           94    .text.LL_ADC_IsEnabled  stm32g4xx_hal_adc.o
    0x080039f8   0x080039f8   0x00000010   Code   RO          243    .text.LL_ADC_IsEnabled  stm32g4xx_hal_adc_ex.o
    0x08003a08   0x08003a08   0x00000010   Code   RO           88    .text.LL_ADC_IsInternalRegulatorEnabled  stm32g4xx_hal_adc.o
    0x08003a18   0x08003a18   0x00000010   Code   RO           92    .text.LL_ADC_REG_IsConversionOngoing  stm32g4xx_hal_adc.o
    0x08003a28   0x08003a28   0x00000010   Code   RO          239    .text.LL_ADC_REG_IsConversionOngoing  stm32g4xx_hal_adc_ex.o
    0x08003a38   0x08003a38   0x0000003a   Code   RO          160    .text.LL_ADC_REG_SetSequencerRanks  stm32g4xx_hal_adc.o
    0x08003a72   0x08003a72   0x00000002   PAD
    0x08003a74   0x08003a74   0x0000001c   Code   RO          114    .text.LL_ADC_REG_StartConversion  stm32g4xx_hal_adc.o
    0x08003a90   0x08003a90   0x00000036   Code   RO          162    .text.LL_ADC_SetChannelSamplingTime  stm32g4xx_hal_adc.o
    0x08003ac6   0x08003ac6   0x00000002   PAD
    0x08003ac8   0x08003ac8   0x00000034   Code   RO          176    .text.LL_ADC_SetChannelSingleDiff  stm32g4xx_hal_adc.o
    0x08003afc   0x08003afc   0x0000001a   Code   RO           96    .text.LL_ADC_SetCommonClock  stm32g4xx_hal_adc.o
    0x08003b16   0x08003b16   0x00000002   PAD
    0x08003b18   0x08003b18   0x0000001a   Code   RO          180    .text.LL_ADC_SetCommonPathInternalCh  stm32g4xx_hal_adc.o
    0x08003b32   0x08003b32   0x00000002   PAD
    0x08003b34   0x08003b34   0x0000003c   Code   RO          166    .text.LL_ADC_SetOffset  stm32g4xx_hal_adc.o
    0x08003b70   0x08003b70   0x00000028   Code   RO          170    .text.LL_ADC_SetOffsetSaturation  stm32g4xx_hal_adc.o
    0x08003b98   0x08003b98   0x00000028   Code   RO          168    .text.LL_ADC_SetOffsetSign  stm32g4xx_hal_adc.o
    0x08003bc0   0x08003bc0   0x00000028   Code   RO          174    .text.LL_ADC_SetOffsetState  stm32g4xx_hal_adc.o
    0x08003be8   0x08003be8   0x0000001a   Code   RO          164    .text.LL_ADC_SetSamplingTimeCommonConfig  stm32g4xx_hal_adc.o
    0x08003c02   0x08003c02   0x00000002   PAD
    0x08003c04   0x08003c04   0x00000028   Code   RO          229    .text.LL_ADC_StartCalibration  stm32g4xx_hal_adc_ex.o
    0x08003c2c   0x08003c2c   0x000000ba   Code   RO           33    .text.MX_ADC1_Init  adc.o
    0x08003ce6   0x08003ce6   0x00000002   PAD
    0x08003ce8   0x08003ce8   0x00000164   Code   RO           25    .text.MX_GPIO_Init  gpio.o
    0x08003e4c   0x08003e4c   0x00000004   Code   RO           51    .text.MemManage_Handler  stm32g4xx_it.o
    0x08003e50   0x08003e50   0x00000004   Code   RO           47    .text.NMI_Handler   stm32g4xx_it.o
    0x08003e54   0x08003e54   0x0000006c   Code   RO          841    .text.NVIC_EncodePriority  stm32g4xx_hal_cortex.o
    0x08003ec0   0x08003ec0   0x00000002   Code   RO           61    .text.PendSV_Handler  stm32g4xx_it.o
    0x08003ec2   0x08003ec2   0x00000002   PAD
    0x08003ec4   0x08003ec4   0x0000009c   Code   RO          433    .text.RCC_GetSysClockFreqFromPLLSource  stm32g4xx_hal_rcc.o
    0x08003f60   0x08003f60   0x0000011e   Code   RO          952    .text.REG_8230_Init  lcd.o
    0x0800407e   0x0800407e   0x00000002   PAD
    0x08004080   0x08004080   0x0000021c   Code   RO          956    .text.REG_932X_Init  lcd.o
    0x0800429c   0x0800429c   0x00000036   Code   RO         1030    .text.SCL_Output    i2c_hal.o
    0x080042d2   0x080042d2   0x00000002   PAD
    0x080042d4   0x080042d4   0x00000030   Code   RO         1032    .text.SDA_Input     i2c_hal.o
    0x08004304   0x08004304   0x00000030   Code   RO         1024    .text.SDA_Input_Mode  i2c_hal.o
    0x08004334   0x08004334   0x00000036   Code   RO         1028    .text.SDA_Output    i2c_hal.o
    0x0800436a   0x0800436a   0x00000002   PAD
    0x0800436c   0x0800436c   0x00000030   Code   RO         1026    .text.SDA_Output_Mode  i2c_hal.o
    0x0800439c   0x0800439c   0x00000002   Code   RO           57    .text.SVC_Handler   stm32g4xx_it.o
    0x0800439e   0x0800439e   0x00000002   PAD
    0x080043a0   0x080043a0   0x00000052   Code   RO          857    .text.SysTick_Config  stm32g4xx_hal_cortex.o
    0x080043f2   0x080043f2   0x00000002   PAD
    0x080043f4   0x080043f4   0x00000008   Code   RO           63    .text.SysTick_Handler  stm32g4xx_it.o
    0x080043fc   0x080043fc   0x00000076   Code   RO           13    .text.SystemClock_Config  main.o
    0x08004472   0x08004472   0x00000002   PAD
    0x08004474   0x08004474   0x00000012   Code   RO          906    .text.SystemInit    system_stm32g4xx.o
    0x08004486   0x08004486   0x00000002   PAD
    0x08004488   0x08004488   0x00000004   Code   RO           55    .text.UsageFault_Handler  stm32g4xx_it.o
    0x0800448c   0x0800448c   0x00000010   Code   RO          837    .text.__NVIC_GetPriorityGrouping  stm32g4xx_hal_cortex.o
    0x0800449c   0x0800449c   0x00000042   Code   RO          839    .text.__NVIC_SetPriority  stm32g4xx_hal_cortex.o
    0x080044de   0x080044de   0x00000002   PAD
    0x080044e0   0x080044e0   0x0000003c   Code   RO          833    .text.__NVIC_SetPriorityGrouping  stm32g4xx_hal_cortex.o
    0x0800451c   0x0800451c   0x00000004   PAD
    0x08004520   0x08004520   0x00000060   Code   RO          926    .text.adc_read      fun.o
    0x08004580   0x08004580   0x00000022   Code   RO         1036    .text.delay1        i2c_hal.o
    0x080045a2   0x080045a2   0x00000002   PAD
    0x080045a4   0x080045a4   0x00000198   Code   RO          924    .text.key_scan      fun.o
    0x0800473c   0x0800473c   0x00000084   Code   RO          922    .text.lcd_show      fun.o
    0x080047c0   0x080047c0   0x00000076   Code   RO          920    .text.led_show      fun.o
    0x08004836   0x08004836   0x00000002   PAD
    0x08004838   0x08004838   0x00000038   Code   RO          928    .text.loop          fun.o
    0x08004870   0x08004870   0x0000004c   Code   RO           11    .text.main          main.o
    0x080048bc   0x080048bc   0x00000030   Code   RO         1058    .text.mcp4017_read  i2c_hal.o
    0x080048ec   0x080048ec   0x00000030   Code   RO         1056    .text.mcp4017_write  i2c_hal.o
    0x0800491c   0x0800491c   0x00000028   Code   RO         1074    i.__0sprintf        mc_w.l(printfa.o)
    0x08004944   0x08004944   0x0000000e   Code   RO         1158    i.__scatterload_copy  mc_w.l(handlers.o)
    0x08004952   0x08004952   0x00000002   Code   RO         1159    i.__scatterload_null  mc_w.l(handlers.o)
    0x08004954   0x08004954   0x0000000e   Code   RO         1160    i.__scatterload_zeroinit  mc_w.l(handlers.o)
    0x08004962   0x08004962   0x00000002   PAD
    0x08004964   0x08004964   0x00000184   Code   RO         1079    i._fp_digits        mc_w.l(printfa.o)
    0x08004ae8   0x08004ae8   0x000006dc   Code   RO         1080    i._printf_core      mc_w.l(printfa.o)
    0x080051c4   0x080051c4   0x00000024   Code   RO         1081    i._printf_post_padding  mc_w.l(printfa.o)
    0x080051e8   0x080051e8   0x0000002e   Code   RO         1082    i._printf_pre_padding  mc_w.l(printfa.o)
    0x08005216   0x08005216   0x0000000a   Code   RO         1084    i._sputc            mc_w.l(printfa.o)
    0x08005220   0x08005220   0x00000010   Data   RO          911    .rodata.AHBPrescTable  system_stm32g4xx.o
    0x08005230   0x08005230   0x000011d0   Data   RO         1012    .rodata.ASCII_Table  lcd.o
    0x08006400   0x08006400   0x00000024   Data   RO          932    .rodata.str1.1      fun.o
    0x08006424   0x08006424   0x00000020   Data   RO         1157    Region$$Table       anon$$obj.o


    Execution Region RW_IRAM1 (Exec base: 0x20000000, Load base: 0x08006448, Size: 0x000020b0, Max: 0x00008000, ABSOLUTE)

    Exec Addr    Load Addr    Size         Type   Attr      Idx    E Section Name        Object

    0x20000000   0x08006448   0x00000002   Data   RW         1015    .data.BackColor     lcd.o
    0x20000002   0x0800644a   0x00000002   PAD
    0x20000004   0x0800644c   0x00000004   Data   RW          910    .data.SystemCoreClock  system_stm32g4xx.o
    0x20000008   0x08006450   0x00000004   Data   RW          418    .data.uwTickFreq    stm32g4xx_hal.o
    0x2000000c   0x08006454   0x00000004   Data   RW          417    .data.uwTickPrio    stm32g4xx_hal.o
    0x20000010        -       0x00000002   Zero   RW         1014    .bss.TextColor      lcd.o
    0x20000012        -       0x00000002   Zero   RW         1013    .bss.dummy          lcd.o
    0x20000014        -       0x0000006c   Zero   RW           39    .bss.hadc1          adc.o
    0x20000080        -       0x00000001   Zero   RW          939    .bss.key_scan.B1_last  fun.o
    0x20000081        -       0x00000001   Zero   RW          935    .bss.key_scan.B1_state  fun.o
    0x20000082        -       0x00000001   Zero   RW          940    .bss.key_scan.B2_last  fun.o
    0x20000083        -       0x00000001   Zero   RW          936    .bss.key_scan.B2_state  fun.o
    0x20000084        -       0x00000001   Zero   RW          941    .bss.key_scan.B3_last  fun.o
    0x20000085        -       0x00000001   Zero   RW          937    .bss.key_scan.B3_state  fun.o
    0x20000086        -       0x00000001   Zero   RW          942    .bss.key_scan.B4_last  fun.o
    0x20000087        -       0x00000001   Zero   RW          938    .bss.key_scan.B4_state  fun.o
    0x20000088        -       0x00000004   Zero   RW          934    .bss.key_scan.lastTick  fun.o
    0x2000008c        -       0x00000001   Zero   RW          931    .bss.mcp4017_data   fun.o
    0x2000008d   0x08006458   0x00000003   PAD
    0x20000090        -       0x00000008   Zero   RW          933    .bss.msp_adc        fun.o
    0x20000098        -       0x00000014   Zero   RW          930    .bss.text           fun.o
    0x200000ac        -       0x00000004   Zero   RW          419    .bss.uwTick         stm32g4xx_hal.o
    0x200000b0        -       0x00002000   Zero   RW            1    STACK               startup_stm32g431xx.o


==============================================================================

Image component sizes


      Code (inc. data)   RO Data    RW Data    ZI Data      Debug   Object Name

       346          0          0          0        108       7129   adc.o
       810         16         36          0         41       5892   fun.o
       356          0          0          0          0       2457   gpio.o
       956          0          0          0          0       3778   i2c_hal.o
      2278          0       4560          2          4       8326   lcd.o
       208          0          0          0          0       1696   main.o
        36          8        472          0       8192        856   startup_stm32g431xx.o
       288          0          0          8          4       8433   stm32g4xx_hal.o
      4476          0          0          0          0      21953   stm32g4xx_hal_adc.o
       684          0          0          0          0      19431   stm32g4xx_hal_adc_ex.o
       410          0          0          0          0       9390   stm32g4xx_hal_cortex.o
       986          0          0          0          0       5362   stm32g4xx_hal_gpio.o
        72          0          0          0          0       1654   stm32g4xx_hal_msp.o
       454          0          0          0          0       7813   stm32g4xx_hal_pwr_ex.o
      3188          0          0          0          0       9423   stm32g4xx_hal_rcc.o
      1114          0          0          0          0      10938   stm32g4xx_hal_rcc_ex.o
        34          0          0          0          0       1040   stm32g4xx_it.o
        18          0         16          4          0       2706   system_stm32g4xx.o

    ----------------------------------------------------------------------
     16808         24       5116         16       8352     128277   Object Totals
         0          0         32          0          0          0   (incl. Generated)
        94          0          0          2          3          0   (incl. Padding)

    ----------------------------------------------------------------------

      Code (inc. data)   RO Data    RW Data    ZI Data      Debug   Library Member Name

         0          0          0          0          0          0   entry.o
         0          0          0          0          0          0   entry10a.o
         0          0          0          0          0          0   entry11a.o
         8          4          0          0          0          0   entry2.o
         4          0          0          0          0          0   entry5.o
         0          0          0          0          0          0   entry7b.o
         0          0          0          0          0          0   entry8b.o
         8          4          0          0          0          0   entry9a.o
        30          0          0          0          0          0   handlers.o
        36          8          0          0          0         68   init.o
         0          0          0          0          0          0   iusefp.o
        30          0          0          0          0         68   llshl.o
        36          0          0          0          0         68   llsshr.o
        32          0          0          0          0         68   llushr.o
        36          0          0          0          0        108   memseta.o
      2276         86          0          0          0        520   printfa.o
        44          0          0          0          0         80   uidiv.o
        98          0          0          0          0         92   uldiv.o
        48          0          0          0          0         68   cdrcmple.o
       334          0          0          0          0        148   dadd.o
       222          0          0          0          0        100   ddiv.o
       186          0          0          0          0        176   depilogue.o
        48          0          0          0          0         68   dfixul.o
        34          0          0          0          0         76   dflti.o
       228          0          0          0          0         96   dmul.o

    ----------------------------------------------------------------------
      3744        102          0          0          0       1804   Library Totals
         6          0          0          0          0          0   (incl. Padding)

    ----------------------------------------------------------------------

      Code (inc. data)   RO Data    RW Data    ZI Data      Debug   Library Name

      2638        102          0          0          0       1072   mc_w.l
      1100          0          0          0          0        732   mf_w.l

    ----------------------------------------------------------------------
      3744        102          0          0          0       1804   Library Totals

    ----------------------------------------------------------------------

==============================================================================


      Code (inc. data)   RO Data    RW Data    ZI Data      Debug   

     20552        126       5116         16       8352     129029   Grand Totals
     20552        126       5116         16       8352     129029   ELF Image Totals
     20552        126       5116         16          0          0   ROM Totals

==============================================================================

    Total RO  Size (Code + RO Data)                25668 (  25.07kB)
    Total RW  Size (RW Data + ZI Data)              8368 (   8.17kB)
    Total ROM Size (Code + RO Data + RW Data)      25684 (  25.08kB)

==============================================================================

